->Loading robot_params from /home/robot/robot_settings/robot_params
All the env variables configuration are located at /home/robot/robot_settings/robot_params
-> Read /home/robot/robot_settings/robot_params/bringup.env
-> Read /home/robot/robot_settings/robot_params/base/rbvogui_xl_params.env
-> Read /home/robot/robot_settings/robot_params/common/devices_params.env
-> Read /home/robot/robot_settings/robot_params/common/perception_params.env
-> Read /home/robot/robot_settings/robot_params/common/localization_params.env
-> Read /home/robot/robot_settings/robot_params/common/navigation_params.env
-> Read /home/robot/robot_settings/robot_params/common/manipulation_params.env
-> Read /home/robot/robot_settings/robot_params/common/behavior_params.env
-> Read /opt/ros/jazzy/setup.bash
-> Robot workspace is /home/robot/robot_ws
-> Read /home/robot/robot_ws/install/setup.bash

ROS_DOMAIN_ID = 38
RMW_IMPLEMENTATION = rmw_fastrtps_cpp
WORKSPACE = /home/robot/robot_ws/devel/setup.bash

[INFO] [launch]: All log files can be found below /home/robot/.ros/log/2026-09-16-16-40-22-199741-shrxl-200102ab-1311799
[INFO] [launch]: Default logging verbosity is set to INFO
[INFO] [launch.user]: robot_bringup::description: rendering xacro from path: "/home/robot/robot_settings/robot_data/shrxl-200102ab.urdf.xacro"
[INFO] [ros2_control_node-2]: process started with pid [1311841]
[INFO] [robotnik_base_hw_monitor-4]: process started with pid [1311843]
[INFO] [brakes_supervisor_node-5]: process started with pid [1311844]
[INFO] [robot_state_publisher-1]: process started with pid [1311840]
[INFO] [spawner-3]: process started with pid [1311842]
[INFO] [robot_state_publisher-6]: process started with pid [1311845]
[INFO] [joy_linux_node-7]: process started with pid [1311846]
[INFO] [robotnik_pad-8]: process started with pid [1311847]
[INFO] [daly_bms-9]: process started with pid [1311848]
[INFO] [vnpub-10]: process started with pid [1311849]
[INFO] [twist_mux-11]: process started with pid [1311850]
[INFO] [charge_manager-12]: process started with pid [1311851]
[robot_state_publisher-1] [INFO] [1789569623.373786376] [robot.robot_state_publisher_ros2_control]: Robot initialized
[robotnik_base_hw_monitor-4] [INFO] [1789569623.392065743] [robot.robotnik_base_hw_monitor]: Starting monitor for interface pcan-base

[robotnik_base_hw_monitor-4] [INFO] [1789569623.409329801] [robot.robotnik_base_hw_monitor]: Successfully connected to interface pcan-base

[robotnik_base_hw_monitor-4] [INFO] [1789569623.409379347] [robot.robotnik_base_hw_monitor]: Looking for motors on interface pcan-base

[robotnik_pad-8] [INFO] [1789569623.419013187] [robot.robotnik_pad]: I have read 1 components:
[robotnik_pad-8] [INFO] [1789569623.419469053] [robot.robotnik_pad]: Movement: robotnik_pad_plugins/Movement
[ros2_control_node-2] [INFO] [1789569623.426742444] [robot.controller_manager]: Using Steady (Monotonic) clock for triggering controller manager cycles.

[robotnik_base_hw_monitor-4] [INFO] [1789569623.429769152] [robot.robotnik_base_hw_monitor]: Detected motor with ID=0x06 (AMC)

[robotnik_base_hw_monitor-4] [INFO] [1789569623.431071252] [robot.robotnik_base_hw_monitor]: Detected motor with ID=0x01 (AMC)

[robotnik_base_hw_monitor-4] [INFO] [1789569623.433417774] [robot.robotnik_base_hw_monitor]: Detected motor with ID=0x04 (AMC)

[robotnik_base_hw_monitor-4] [INFO] [1789569623.434038911] [robot.robotnik_base_hw_monitor]: Detected motor with ID=0x05 (AMC)

[robotnik_base_hw_monitor-4] [INFO] [1789569623.434939336] [robot.robotnik_base_hw_monitor]: Detected motor with ID=0x02 (AMC)

[robotnik_base_hw_monitor-4] [INFO] [1789569623.437390542] [robot.robotnik_base_hw_monitor]: Detected motor with ID=0x07 (AMC)

[ros2_control_node-2] [INFO] [1789569623.441588010] [robot.controller_manager]: Subscribing to '/robot/base/robot_description' topic for robot description.

[robotnik_base_hw_monitor-4] [INFO] [1789569623.444790343] [robot.robotnik_base_hw_monitor]: Detected motor with ID=0x08 (AMC)

[robotnik_base_hw_monitor-4] [INFO] [1789569623.453842422] [robot.robotnik_base_hw_monitor]: Detected motor with ID=0x03 (AMC)

[ros2_control_node-2] [INFO] [1789569623.470952364] [robot.controller_manager]: update rate is 50 Hz

[ros2_control_node-2] [INFO] [1789569623.470989582] [robot.controller_manager]: Overruns handling is : enabled

[ros2_control_node-2] [INFO] [1789569623.471000008] [robot.controller_manager]: Spawning controller_manager RT thread with scheduler priority: 50

[ros2_control_node-2] [WARN] [1789569623.471368678] [robot.controller_manager]: Could not enable FIFO RT scheduling policy: with error number <1>(Operation not permitted). See [https://control.ros.org/master/doc/ros2_control/controller_manager/doc/userdoc.html] for details on how to enable realtime scheduling.

[joy_linux_node-7] [ERROR] [1789569623.477417800] [robot.joy_node]: Couldn't open joystick /dev/input/js_base. Will retry every second.
[brakes_supervisor_node-5] [INFO] [1789569623.493685236] [robot.robotnik_brakes_supervisor]: Brake input name is empty - using output command as brake status feedback

[brakes_supervisor_node-5] [WARN] [1789569623.503446783] [robot.robotnik_brakes_supervisor]: No feedback brake input configured, using output command as brake status

[twist_mux-11] [INFO] [1789569623.540519794] [robot.twist_mux]: Topic handler 'topics.dock' subscribed to topic 'dock/cmd_vel': timeout = 0.500000s , priority = 30.
[twist_mux-11] [INFO] [1789569623.544280360] [robot.twist_mux]: Topic handler 'topics.move' subscribed to topic 'move/cmd_vel': timeout = 0.500000s , priority = 30.
[twist_mux-11] [INFO] [1789569623.546213832] [robot.twist_mux]: Topic handler 'topics.nav' subscribed to topic 'move_base/cmd_vel': timeout = 0.500000s , priority = 20.
[twist_mux-11] [INFO] [1789569623.548156529] [robot.twist_mux]: Topic handler 'topics.pad' subscribed to topic 'pad_teleop/cmd_vel': timeout = 0.500000s , priority = 100.
[twist_mux-11] [INFO] [1789569623.549618958] [robot.twist_mux]: Topic handler 'locks.base_brakes_enabled' subscribed to topic 'robotnik_brake_supervisor/brakes_closed': timeout = None , priority = 250.
[twist_mux-11] [INFO] [1789569623.551434412] [robot.twist_mux]: Topic handler 'locks.base_emergency_stop' subscribed to topic 'robotnik_base_hw/emergency_stop': timeout = None , priority = 250.
[twist_mux-11] [INFO] [1789569623.553172034] [robot.twist_mux]: Topic handler 'locks.base_motors_enabled' subscribed to topic 'robotnik_base_hw_monitor/any_motor_disabled': timeout = 1.000000s , priority = 250.
[twist_mux-11] [INFO] [1789569623.554366914] [robot.twist_mux]: Topic handler 'locks.safety_emergency_stop' subscribed to topic 'safety_module/emergency_stop': timeout = None , priority = 250.
[robot_state_publisher-6] [INFO] [1789569623.566985597] [robot.robot_state_publisher]: Robot initialized
[vnpub-10] [INFO] [1789569623.622325037] [robot.imu]: Connecting to : /dev/ttyUSB_IMU @ 921600 Baud
[vnpub-10] [INFO] [1789569623.623531192] [robot.imu]: Set port to ASYNCY_LOW_LATENCY
[vnpub-10] [INFO] [1789569623.624288220] [robot.imu]: Connecting with default at 921600
[vnpub-10] [INFO] [1789569623.637379190] [robot.imu]: Connected baud rate is 921600
[vnpub-10] [INFO] [1789569623.641331758] [robot.imu]: Device connection established
[vnpub-10] [INFO] [1789569623.660026927] [robot.imu]: Model Number: VN-100T-CR, Firmware Version: 3.0.0.0
[vnpub-10] [INFO] [1789569623.660075627] [robot.imu]: Hardware Revision : 7, Serial Number : 100062900
[vnpub-10] [INFO] [1789569623.660083530] [robot.imu]: Package Receive Rate: 200 Hz
[vnpub-10] [INFO] [1789569623.660088934] [robot.imu]: General Publish Rate: 200 Hz
[vnpub-10] [INFO] [1789569623.660093167] [robot.imu]: IMU Publish Rate: 200 Hz
[vnpub-10] [INFO] [1789569623.689934909] [robot.imu]: Current rotation reference frame: [(1; 0; 0)(0; 1; 0)(0; 0; 1)]
[ros2_control_node-2] [INFO] [1789569624.208329554] [robot.controller_manager]: Received robot description from topic.

[ros2_control_node-2] [INFO] [1789569624.212596230] [robot.controller_manager]: Loading hardware 'rbvogui_xl' 

[ros2_control_node-2] [INFO] [1789569624.213854679] [robot.controller_manager]: Loaded hardware 'rbvogui_xl' from plugin 'robotnik_base_hw/RobotnikBaseHW'

[ros2_control_node-2] [INFO] [1789569624.213924595] [robot.controller_manager]: Initialize hardware 'rbvogui_xl' 

[spawner-3] [INFO] [1789569624.260492521] [robot.spawner_robotnik_base_control]: waiting for service /robot/controller_manager/list_controllers to become available...
[daly_bms-9] [INFO] [1789569624.516820463] [robot.battery_estimator]: Starting Daly BMS Nodebattery_estimator
[daly_bms-9] [INFO] [1789569624.517750412] [robot.battery_estimator]: serial port: /dev/ttyUSB_BMS
[robotnik_base_hw_monitor-4] [INFO] [1789569624.552508712] [robot.robotnik_base_hw_monitor]: Found 8 motors

[daly_bms-9] [INFO] [1789569624.575870309] [robot.battery_estimator]: Successfully connected to BMS.
[ros2_control_node-2] [INFO] [1789569624.705755682] [RobotnikHW]: Init sync task

[ros2_control_node-2] [INFO] [1789569624.706005619] [RobotnikHW]: Create motor for joint robot_front_left_wheel_joint

[ros2_control_node-2] [INFO] [1789569624.706078143] [RobotnikHW]: Instantiating motor robot_front_left_wheel_joint

[ros2_control_node-2] [INFO] [1789569624.706078783] [RobotnikHW]: Create motor for joint robot_back_left_wheel_joint

[ros2_control_node-2] [INFO] [1789569624.706182763] [RobotnikHW]: Instantiating motor robot_back_left_wheel_joint

[ros2_control_node-2] [INFO] [1789569624.706149220] [RobotnikHW]: Create motor for joint robot_front_right_wheel_joint

[ros2_control_node-2] [INFO] [1789569624.706263112] [RobotnikHW]: Instantiating motor robot_front_right_wheel_joint

[ros2_control_node-2] [INFO] [1789569624.706263479] [RobotnikHW]: Create motor for joint robot_back_right_wheel_joint

[ros2_control_node-2] [INFO] [1789569624.706327473] [RobotnikHW]: Create motor for joint robot_front_left_steering_joint

[ros2_control_node-2] [INFO] [1789569624.706353974] [RobotnikHW]: Instantiating motor robot_front_left_steering_joint

[ros2_control_node-2] [INFO] [1789569624.706332835] [RobotnikHW]: Instantiating motor robot_back_right_wheel_joint

[ros2_control_node-2] [INFO] [1789569624.706530072] [RobotnikHW]: Create motor for joint robot_back_left_steering_joint

[ros2_control_node-2] [INFO] [1789569624.706560358] [RobotnikHW]: Instantiating motor robot_back_left_steering_joint

[ros2_control_node-2] [INFO] [1789569624.706848931] [RobotnikHW]: Create motor for joint robot_front_right_steering_joint

[ros2_control_node-2] [INFO] [1789569624.706861314] [RobotnikHW]: Create motor for joint robot_back_right_steering_joint

[ros2_control_node-2] [INFO] [1789569624.706878564] [RobotnikHW]: Instantiating motor robot_front_right_steering_joint

[ros2_control_node-2] [INFO] [1789569624.706909105] [RobotnikHW]: Instantiating motor robot_back_right_steering_joint

[robotnik_base_hw_monitor-4] [WARN] [1789569624.716542704] [robotnik_base_hw_monitor]: NMT[0x01] - Communication transition hard reset

[robotnik_base_hw_monitor-4] [WARN] [1789569624.717164428] [robotnik_base_hw_monitor]: NMT[0x03] - Communication transition hard reset

[robotnik_base_hw_monitor-4] [WARN] [1789569624.717578973] [robotnik_base_hw_monitor]: NMT[0x05] - Communication transition hard reset

[robotnik_base_hw_monitor-4] [WARN] [1789569624.717750709] [robotnik_base_hw_monitor]: NMT[0x02] - Communication transition hard reset

[robotnik_base_hw_monitor-4] [WARN] [1789569624.717759322] [robotnik_base_hw_monitor]: NMT[0x06] - Communication transition hard reset

[robotnik_base_hw_monitor-4] [WARN] [1789569624.717765495] [robotnik_base_hw_monitor]: NMT[0x04] - Communication transition hard reset

[robotnik_base_hw_monitor-4] [WARN] [1789569624.717771918] [robotnik_base_hw_monitor]: NMT[0x07] - Communication transition hard reset

[robotnik_base_hw_monitor-4] [WARN] [1789569624.717779996] [robotnik_base_hw_monitor]: NMT[0x08] - Communication transition hard reset

[robotnik_base_hw_monitor-4] [INFO] [1789569624.860767071] [robotnik_base_hw_monitor]: NMT[0x01] - Device boot-up message received

[robotnik_base_hw_monitor-4] [INFO] [1789569624.860798402] [robotnik_base_hw_monitor]: NMT[0x03] - Device boot-up message received

[robotnik_base_hw_monitor-4] [INFO] [1789569624.861754082] [robotnik_base_hw_monitor]: NMT[0x04] - Device boot-up message received

[robotnik_base_hw_monitor-4] [INFO] [1789569624.861770814] [robotnik_base_hw_monitor]: NMT[0x02] - Device boot-up message received

[ros2_control_node-2] [INFO] [1789569624.867284817] [RobotnikHW]: Setting encoder resolution for motor robot_front_left_wheel_joint with 4096 counts

[ros2_control_node-2] [INFO] [1789569624.867304659] [RobotnikHW]: Setting limits for motor robot_front_left_wheel_joint

[ros2_control_node-2] [INFO] [1789569624.867312308] [RobotnikHW]: Velocity limits for motor robot_front_left_wheel_joint: [-18.849500, 18.849500]

[ros2_control_node-2] [INFO] [1789569624.867340287] [RobotnikHW]: Input output frequency for motor robot_front_left_wheel_joint is 5.00 Hz

[ros2_control_node-2] [INFO] [1789569624.867381278] [RobotnikHW]: Setting encoder resolution for motor robot_front_right_wheel_joint with 4096 counts

[ros2_control_node-2] [INFO] [1789569624.867399123] [RobotnikHW]: Setting limits for motor robot_front_right_wheel_joint

[ros2_control_node-2] [INFO] [1789569624.867405627] [RobotnikHW]: Velocity limits for motor robot_front_right_wheel_joint: [-18.849500, 18.849500]

[ros2_control_node-2] [INFO] [1789569624.867415500] [RobotnikHW]: Input output frequency for motor robot_front_right_wheel_joint is 5.00 Hz

[ros2_control_node-2] [INFO] [1789569624.867440504] [RobotnikHW]: Setting encoder resolution for motor robot_back_left_wheel_joint with 4096 counts

[ros2_control_node-2] [INFO] [1789569624.867457525] [RobotnikHW]: Setting limits for motor robot_back_left_wheel_joint

[ros2_control_node-2] [INFO] [1789569624.867464592] [RobotnikHW]: Velocity limits for motor robot_back_left_wheel_joint: [-18.849500, 18.849500]

[ros2_control_node-2] [INFO] [1789569624.867512984] [RobotnikHW]: Input output frequency for motor robot_back_left_wheel_joint is 5.00 Hz

[ros2_control_node-2] [INFO] [1789569624.867900271] [RobotnikHW]: Setting encoder resolution for motor robot_back_right_wheel_joint with 4096 counts

[ros2_control_node-2] [INFO] [1789569624.867917729] [RobotnikHW]: Setting limits for motor robot_back_right_wheel_joint

[ros2_control_node-2] [INFO] [1789569624.867924673] [RobotnikHW]: Velocity limits for motor robot_back_right_wheel_joint: [-18.849500, 18.849500]

[ros2_control_node-2] [INFO] [1789569624.867933614] [RobotnikHW]: Input output frequency for motor robot_back_right_wheel_joint is 5.00 Hz

[robotnik_base_hw_monitor-4] [INFO] [1789569625.283154195] [robotnik_base_hw_monitor]: NMT[0x05] - Device boot-up message received

[robotnik_base_hw_monitor-4] [INFO] [1789569625.284288835] [robotnik_base_hw_monitor]: NMT[0x06] - Device boot-up message received

[robotnik_base_hw_monitor-4] [INFO] [1789569625.284307987] [robotnik_base_hw_monitor]: NMT[0x07] - Device boot-up message received

[robotnik_base_hw_monitor-4] [INFO] [1789569625.284312802] [robotnik_base_hw_monitor]: NMT[0x08] - Device boot-up message received

[ros2_control_node-2] [INFO] [1789569625.285690391] [RobotnikHW]: Setting encoder resolution for motor robot_front_left_steering_joint with 4096 counts

[ros2_control_node-2] [INFO] [1789569625.285713205] [RobotnikHW]: Setting limits for motor robot_front_left_steering_joint

[ros2_control_node-2] [INFO] [1789569625.285705664] [RobotnikHW]: Setting encoder resolution for motor robot_back_left_steering_joint with 4096 counts

[ros2_control_node-2] [INFO] [1789569625.285742953] [RobotnikHW]: Setting limits for motor robot_back_left_steering_joint

[ros2_control_node-2] [INFO] [1789569625.285749402] [RobotnikHW]: Position limits for motor robot_back_left_steering_joint: [-2.500000, 2.500000] with margin 0.050000

[ros2_control_node-2] [INFO] [1789569625.285769288] [RobotnikHW]: Input output frequency for motor robot_back_left_steering_joint is 5.00 Hz

[ros2_control_node-2] [INFO] [1789569625.285721518] [RobotnikHW]: Position limits for motor robot_front_left_steering_joint: [-2.500000, 2.500000] with margin 0.050000

[ros2_control_node-2] [INFO] [1789569625.285810427] [RobotnikHW]: Input output frequency for motor robot_front_left_steering_joint is 5.00 Hz

[ros2_control_node-2] [INFO] [1789569625.293895059] [RobotnikHW]: Setting encoder resolution for motor robot_back_right_steering_joint with 4096 counts

[ros2_control_node-2] [INFO] [1789569625.293918086] [RobotnikHW]: Setting limits for motor robot_back_right_steering_joint

[ros2_control_node-2] [INFO] [1789569625.293927931] [RobotnikHW]: Position limits for motor robot_back_right_steering_joint: [-2.500000, 2.500000] with margin 0.050000

[ros2_control_node-2] [INFO] [1789569625.293937479] [RobotnikHW]: Input output frequency for motor robot_back_right_steering_joint is 5.00 Hz

[ros2_control_node-2] [INFO] [1789569625.293921660] [RobotnikHW]: Setting encoder resolution for motor robot_front_right_steering_joint with 4096 counts

[ros2_control_node-2] [INFO] [1789569625.293959004] [RobotnikHW]: Setting limits for motor robot_front_right_steering_joint

[ros2_control_node-2] [INFO] [1789569625.293964851] [RobotnikHW]: Position limits for motor robot_front_right_steering_joint: [-2.500000, 2.500000] with margin 0.050000

[ros2_control_node-2] [INFO] [1789569625.293974243] [RobotnikHW]: Input output frequency for motor robot_front_right_steering_joint is 5.00 Hz

[ros2_control_node-2] [INFO] [1789569625.294116717] [RobotnikHW]: Configure motor for joint robot_front_left_wheel_joint

[ros2_control_node-2] [INFO] [1789569625.294179166] [RobotnikHW]: Configure motor for joint robot_front_right_wheel_joint

[ros2_control_node-2] [INFO] [1789569625.294119535] [RobotnikHW]: Configure motor for joint robot_back_left_wheel_joint

[ros2_control_node-2] [INFO] [1789569625.294204087] [RobotnikHW]: Configure motor for joint robot_back_right_wheel_joint

[ros2_control_node-2] [INFO] [1789569625.294269288] [RobotnikHW]: Configure motor for joint robot_front_left_steering_joint

[ros2_control_node-2] [INFO] [1789569625.294315607] [RobotnikHW]: Configure motor for joint robot_back_left_steering_joint

[ros2_control_node-2] [INFO] [1789569625.294353420] [RobotnikHW]: Configure motor for joint robot_back_right_steering_joint

[robotnik_base_hw_monitor-4] [WARN] [1789569625.294219147] [robotnik_base_hw_monitor]: NMT[0x01] - Communication transition soft reset

[robotnik_base_hw_monitor-4] [WARN] [1789569625.294250483] [robotnik_base_hw_monitor]: NMT[0x03] - Communication transition soft reset

[robotnik_base_hw_monitor-4] [WARN] [1789569625.294269758] [robotnik_base_hw_monitor]: NMT[0x02] - Communication transition soft reset

[robotnik_base_hw_monitor-4] [WARN] [1789569625.294342637] [robotnik_base_hw_monitor]: NMT[0x04] - Communication transition soft reset

[robotnik_base_hw_monitor-4] [WARN] [1789569625.294372695] [robotnik_base_hw_monitor]: NMT[0x05] - Communication transition soft reset

[robotnik_base_hw_monitor-4] [WARN] [1789569625.294382062] [robotnik_base_hw_monitor]: NMT[0x06] - Communication transition soft reset

[ros2_control_node-2] [INFO] [1789569625.294329821] [RobotnikHW]: Configure motor for joint robot_front_right_steering_joint

[robotnik_base_hw_monitor-4] [WARN] [1789569625.294460986] [robotnik_base_hw_monitor]: NMT[0x08] - Communication transition soft reset

[robotnik_base_hw_monitor-4] [WARN] [1789569625.294474736] [robotnik_base_hw_monitor]: NMT[0x07] - Communication transition soft reset

[robotnik_base_hw_monitor-4] [INFO] [1789569625.295513072] [robotnik_base_hw_monitor]: NMT[0x01] - Device boot-up message received

[robotnik_base_hw_monitor-4] [INFO] [1789569625.295527274] [robotnik_base_hw_monitor]: NMT[0x03] - Device boot-up message received

[robotnik_base_hw_monitor-4] [INFO] [1789569625.295565542] [robotnik_base_hw_monitor]: NMT[0x02] - Device boot-up message received

[robotnik_base_hw_monitor-4] [INFO] [1789569625.296530228] [robotnik_base_hw_monitor]: NMT[0x05] - Device boot-up message received

[robotnik_base_hw_monitor-4] [INFO] [1789569625.296558711] [robotnik_base_hw_monitor]: NMT[0x04] - Device boot-up message received

[robotnik_base_hw_monitor-4] [INFO] [1789569625.296565994] [robotnik_base_hw_monitor]: NMT[0x06] - Device boot-up message received

[robotnik_base_hw_monitor-4] [INFO] [1789569625.296570846] [robotnik_base_hw_monitor]: NMT[0x08] - Device boot-up message received

[robotnik_base_hw_monitor-4] [INFO] [1789569625.296575741] [robotnik_base_hw_monitor]: NMT[0x07] - Device boot-up message received

[robotnik_base_hw_monitor-4] [INFO] [1789569625.757051799] [robotnik_base_hw_monitor]: NMT[0x02] - Communication transition operational

[ros2_control_node-2] [INFO] [1789569625.759172196] [RobotnikHW]: Motor configured for joint robot_back_left_wheel_joint

[robotnik_base_hw_monitor-4] [INFO] [1789569625.761910717] [robotnik_base_hw_monitor]: NMT[0x04] - Communication transition operational

[ros2_control_node-2] [INFO] [1789569625.763473025] [RobotnikHW]: Motor configured for joint robot_back_right_wheel_joint

[robotnik_base_hw_monitor-4] [INFO] [1789569625.771120512] [robotnik_base_hw_monitor]: NMT[0x03] - Communication transition operational

[robotnik_base_hw_monitor-4] [INFO] [1789569625.771383033] [robotnik_base_hw_monitor]: NMT[0x01] - Communication transition operational

[robotnik_base_hw_monitor-4] [INFO] [1789569625.771972985] [robotnik_base_hw_monitor]: NMT[0x05] - Communication transition operational

[robotnik_base_hw_monitor-4] [INFO] [1789569625.771990834] [robotnik_base_hw_monitor]: NMT[0x06] - Communication transition operational

[ros2_control_node-2] [INFO] [1789569625.772025707] [RobotnikHW]: Motor configured for joint robot_back_left_steering_joint

[ros2_control_node-2] [INFO] [1789569625.772045961] [RobotnikHW]: Motor configured for joint robot_front_left_steering_joint

[ros2_control_node-2] [INFO] [1789569625.773020987] [RobotnikHW]: Motor configured for joint robot_front_right_wheel_joint

[ros2_control_node-2] [INFO] [1789569625.773095770] [RobotnikHW]: Motor configured for joint robot_front_left_wheel_joint

[ros2_control_node-2] [INFO] [1789569625.773265165] [RobotnikHW]: Motor configured for joint robot_back_right_steering_joint

[robotnik_base_hw_monitor-4] [INFO] [1789569625.773316595] [robotnik_base_hw_monitor]: NMT[0x07] - Communication transition operational

[robotnik_base_hw_monitor-4] [INFO] [1789569625.773333675] [robotnik_base_hw_monitor]: NMT[0x08] - Communication transition operational

[ros2_control_node-2] [INFO] [1789569625.776430303] [RobotnikHW]: Motor configured for joint robot_front_right_steering_joint

[ros2_control_node-2] [INFO] [1789569625.776694101] [RobotnikHW]: Reading absolute encoder for joint robot_front_left_steering_joint

[ros2_control_node-2] [WARN] [1789569625.776744837] [RobotnikHW]: Current value for joint robot_front_left_steering_joint is zero, indicating an error reading the absolute encoder, retrying...

[ros2_control_node-2] [INFO] [1789569625.776752282] [RobotnikHW]: Reading absolute encoder for joint robot_back_left_steering_joint

[ros2_control_node-2] [WARN] [1789569625.776794582] [RobotnikHW]: Current value for joint robot_back_left_steering_joint is zero, indicating an error reading the absolute encoder, retrying...

[ros2_control_node-2] [INFO] [1789569625.777264513] [RobotnikHW]: Reading absolute encoder for joint robot_back_right_steering_joint

[ros2_control_node-2] [WARN] [1789569625.777316303] [RobotnikHW]: Current value for joint robot_back_right_steering_joint is zero, indicating an error reading the absolute encoder, retrying...

[ros2_control_node-2] [INFO] [1789569625.777269066] [RobotnikHW]: Reading absolute encoder for joint robot_front_right_steering_joint

[ros2_control_node-2] [WARN] [1789569625.777365371] [RobotnikHW]: Current value for joint robot_front_right_steering_joint is zero, indicating an error reading the absolute encoder, retrying...

[ros2_control_node-2] [INFO] [1789569626.277526894] [RobotnikHW]: Home offset found for joint robot_front_left_steering_joint, current_counts 13732563, offset -210.654326, current_value 0.000552

[ros2_control_node-2] [INFO] [1789569626.277702018] [RobotnikHW]: Home offset found for joint robot_back_right_steering_joint, current_counts 2513105, offset -38.550118, current_value 0.000430

[ros2_control_node-2] [INFO] [1789569626.277896966] [RobotnikHW]: Home offset found for joint robot_front_right_steering_joint, current_counts 9341045, offset 143.290373, current_value 0.000537

[ros2_control_node-2] [INFO] [1789569626.280894825] [RobotnikHW]: Home offset found for joint robot_back_left_steering_joint, current_counts 14461553, offset 221.838012, current_value 0.000568

[ros2_control_node-2] [INFO] [1789569626.281070709] [RobotnikHW]: Init reset task

[ros2_control_node-2] [INFO] [1789569626.281162868] [RobotnikHW]: Reset task started

[ros2_control_node-2] [INFO] [1789569626.281167518] [robot.controller_manager]: Successful initialization of hardware 'rbvogui_xl'

[ros2_control_node-2] [INFO] [1789569626.281382417] [RobotnikHW]: export_state_interfaces

[ros2_control_node-2] [INFO] [1789569626.282230350] [RobotnikHW]: All motors become ready, ready to operate

[ros2_control_node-2] [INFO] [1789569626.282340613] [RobotnikHW]: export_command_interfaces

[ros2_control_node-2] [INFO] [1789569626.282675013] [resource_manager]: 'configure' hardware 'rbvogui_xl' 

[ros2_control_node-2] [INFO] [1789569626.282685858] [RobotnikHW]: on_configure

[ros2_control_node-2] [INFO] [1789569626.282691383] [resource_manager]: Successful 'configure' of hardware 'rbvogui_xl'

[ros2_control_node-2] [INFO] [1789569626.282715469] [resource_manager]: 'activate' hardware 'rbvogui_xl' 

[ros2_control_node-2] [INFO] [1789569626.282721503] [RobotnikHW]: on_activate

[ros2_control_node-2] [INFO] [1789569626.282732685] [resource_manager]: Successful 'activate' of hardware 'rbvogui_xl'

[ros2_control_node-2] [INFO] [1789569626.282810878] [robot.controller_manager]: Registering statistics for : rbvogui_xl

[ros2_control_node-2] [INFO] [1789569626.282911938] [robot.controller_manager]: Resource Manager has been successfully initialized. Starting Controller Manager services...

[ros2_control_node-2] [WARN] [1789569626.952852085] [robot.controller_manager]: Overrun detected! The controller manager missed its desired rate of 50 Hz. The loop took 22.941759 ms (missed cycles : 2).

[ros2_control_node-2] [INFO] [1789569627.728784094] [robot.controller_manager]: Loading controller : 'robotnik_base_control' of type 'robotnik_controllers/RBVoguiXLController'

[ros2_control_node-2] [INFO] [1789569627.728919568] [robot.controller_manager]: Loading controller 'robotnik_base_control'

[ros2_control_node-2] [INFO] [1789569627.740904599] [robot.controller_manager]: Controller 'robotnik_base_control' node arguments: --ros-args --params-file /tmp/launch_params_h4fd5xo8 --params-file /tmp/launch_params_rgfr8h3a --params-file /tmp/launch_params_kt2kslmp --params-file /tmp/launch_params_9dfvra7k 

[spawner-3] [INFO] [1789569628.099381768] [robot.spawner_robotnik_base_control]: Loaded robotnik_base_control
[ros2_control_node-2] [INFO] [1789569628.104450083] [robot.controller_manager]: Configuring controller: 'robotnik_base_control'

[charge_manager-12] [WARN] [1789569628.677082351] [robot.charge_manager]: service '/robot/robotnik_io_controller/set_digital_output' not available, waiting...
[ros2_control_node-2] [INFO] [1789569628.736251853] [robot.controller_manager]: Activating controllers: [ robotnik_base_control ]

[ros2_control_node-2] [INFO] [1789569628.736398096] [RobotnikHW]: Checking if command mode switch is possible

[ros2_control_node-2] [INFO] [1789569628.736425525] [RobotnikHW]: Command mode switch is possible, performing switch

[ros2_control_node-2] [INFO] [1789569628.736556933] [RobotnikHW]: Switching robot_front_left_wheel_joint to velocity

[ros2_control_node-2] [INFO] [1789569628.736595286] [RobotnikHW]: Switching robot_back_left_wheel_joint to velocity

[ros2_control_node-2] [INFO] [1789569628.736673554] [RobotnikHW]: Switching robot_front_left_steering_joint to position

[ros2_control_node-2] [INFO] [1789569628.736687621] [RobotnikHW]: Switching robot_front_right_wheel_joint to velocity

[ros2_control_node-2] [INFO] [1789569628.736746785] [RobotnikHW]: Switching robot_front_right_steering_joint to position

[ros2_control_node-2] [INFO] [1789569628.736754665] [RobotnikHW]: Switching robot_back_right_wheel_joint to velocity

[ros2_control_node-2] [INFO] [1789569628.736765346] [RobotnikHW]: Switching robot_back_left_steering_joint to position

[ros2_control_node-2] [INFO] [1789569628.736824188] [RobotnikHW]: Switching robot_back_right_steering_joint to position

[ros2_control_node-2] [INFO] [1789569628.745937201] [RobotnikHW]: Switched robot_front_left_steering_joint to position successfully

[ros2_control_node-2] [INFO] [1789569628.746846892] [RobotnikHW]: Switched robot_front_left_wheel_joint to velocity successfully

[ros2_control_node-2] [INFO] [1789569628.746851509] [RobotnikHW]: Switched robot_back_left_wheel_joint to velocity successfully

[ros2_control_node-2] [INFO] [1789569628.746924834] [RobotnikHW]: Switched robot_front_right_wheel_joint to velocity successfully

[ros2_control_node-2] [INFO] [1789569628.747015779] [RobotnikHW]: Switched robot_back_left_steering_joint to position successfully

[ros2_control_node-2] [INFO] [1789569628.747031136] [RobotnikHW]: Switched robot_back_right_wheel_joint to velocity successfully

[ros2_control_node-2] [INFO] [1789569628.747106802] [RobotnikHW]: Switched robot_back_right_steering_joint to position successfully

[ros2_control_node-2] [INFO] [1789569628.747119307] [RobotnikHW]: Switched robot_front_right_steering_joint to position successfully

[ros2_control_node-2] [INFO] [1789569628.747204755] [RobotnikHW]: Command mode switch performed successfully

[ros2_control_node-2] [INFO] [1789569628.750023993] [RobotnikHW]: perform_command_mode_switch

[ros2_control_node-2] [INFO] [1789569628.750158708] [robot.robotnik_base_control]: robotnik_controllers -> RobotnikController::on_activate

[ros2_control_node-2] [INFO] [1789569628.750201994] [robot.controller_manager]: Successfully switched controllers!

[spawner-3] [INFO] [1789569628.772223117] [robot.spawner_robotnik_base_control]: Configured and activated robotnik_base_control
[ros2_control_node-2] [INFO] [1789569628.774022459] [robot.controller_manager]: Loading controller : 'joint_state_broadcaster' of type 'joint_state_broadcaster/JointStateBroadcaster'

[ros2_control_node-2] [INFO] [1789569628.774065981] [robot.controller_manager]: Loading controller 'joint_state_broadcaster'

[ros2_control_node-2] [INFO] [1789569628.780110449] [robot.controller_manager]: Controller 'joint_state_broadcaster' node arguments: --ros-args --params-file /tmp/launch_params_h4fd5xo8 --params-file /tmp/launch_params_rgfr8h3a --params-file /tmp/launch_params_kt2kslmp --params-file /tmp/launch_params_9dfvra7k 

[ros2_control_node-2] [WARN] [1789569628.884434219] [robotnik_base_hw]: The following motors are not ready: robot_front_left_wheel_joint (e-stop pressed), robot_back_left_wheel_joint (e-stop pressed), robot_front_right_wheel_joint (e-stop pressed), robot_back_right_wheel_joint (e-stop pressed), robot_front_left_steering_joint (e-stop pressed), robot_back_left_steering_joint (e-stop pressed), robot_front_right_steering_joint (e-stop pressed), robot_back_right_steering_joint (e-stop pressed). (e-stop pressed or trying to enable the motor). Please check the motor status.

[spawner-3] [INFO] [1789569628.891924344] [robot.spawner_robotnik_base_control]: Loaded joint_state_broadcaster
[ros2_control_node-2] [INFO] [1789569628.892483188] [robot.controller_manager]: Configuring controller: 'joint_state_broadcaster'

[ros2_control_node-2] [INFO] [1789569628.892599905] [robot.joint_state_broadcaster]: 'joints' or 'interfaces' parameter is empty. All available state interfaces will be published

[ros2_control_node-2] [INFO] [1789569628.911499896] [robot.controller_manager]: Activating controllers: [ joint_state_broadcaster ]

[ros2_control_node-2] [INFO] [1789569628.930826121] [robot.controller_manager]: Successfully switched controllers!

[spawner-3] [INFO] [1789569628.952248865] [robot.spawner_robotnik_base_control]: Configured and activated joint_state_broadcaster
[ros2_control_node-2] [INFO] [1789569628.954029365] [robot.controller_manager]: Loading controller : 'robotnik_io_controller' of type 'robotnik_io_controller/RobotnikIOController'

[ros2_control_node-2] [INFO] [1789569628.954073372] [robot.controller_manager]: Loading controller 'robotnik_io_controller'

[ros2_control_node-2] [INFO] [1789569628.957527928] [robot.controller_manager]: Controller 'robotnik_io_controller' node arguments: --ros-args --params-file /tmp/launch_params_h4fd5xo8 --params-file /tmp/launch_params_rgfr8h3a --params-file /tmp/launch_params_kt2kslmp --params-file /tmp/launch_params_9dfvra7k 

[spawner-3] [INFO] [1789569629.203024444] [robot.spawner_robotnik_base_control]: Loaded robotnik_io_controller
[ros2_control_node-2] [INFO] [1789569629.210739316] [robot.controller_manager]: Configuring controller: 'robotnik_io_controller'

[ros2_control_node-2] [INFO] [1789569629.210898935] [robot.robotnik_io_controller]: RobotnikIOController::on_configure(): Configuration successful

[ros2_control_node-2] [WARN] [1789569629.221423182] [robot.controller_manager]: Overrun detected! The controller manager missed its desired rate of 50 Hz. The loop took 31.513408 ms (missed cycles : 2).

[ros2_control_node-2] [INFO] [1789569629.228025910] [robot.controller_manager]: Activating controllers: [ robotnik_io_controller ]

[ros2_control_node-2] [INFO] [1789569629.228463825] [RobotnikHW]: Checking if command mode switch is possible

[ros2_control_node-2] [INFO] [1789569629.228562217] [RobotnikHW]: Command mode switch is possible, performing switch

[ros2_control_node-2] [INFO] [1789569629.228659684] [RobotnikHW]: robot_front_left_wheel_joint is already in velocity interface

[ros2_control_node-2] [INFO] [1789569629.228689653] [RobotnikHW]: Switched robot_front_left_wheel_joint to velocity successfully

[ros2_control_node-2] [INFO] [1789569629.228707479] [RobotnikHW]: robot_back_left_wheel_joint is already in velocity interface

[ros2_control_node-2] [INFO] [1789569629.228735052] [RobotnikHW]: Switched robot_back_left_wheel_joint to velocity successfully

[ros2_control_node-2] [INFO] [1789569629.228796762] [RobotnikHW]: robot_front_right_wheel_joint is already in velocity interface

[ros2_control_node-2] [INFO] [1789569629.228811474] [RobotnikHW]: Switched robot_front_right_wheel_joint to velocity successfully

[ros2_control_node-2] [INFO] [1789569629.228897494] [RobotnikHW]: robot_back_right_wheel_joint is already in velocity interface

[ros2_control_node-2] [INFO] [1789569629.228917935] [RobotnikHW]: Switched robot_back_right_wheel_joint to velocity successfully

[ros2_control_node-2] [INFO] [1789569629.229038072] [RobotnikHW]: robot_front_left_steering_joint is already in position interface

[ros2_control_node-2] [INFO] [1789569629.229065326] [RobotnikHW]: Switched robot_front_left_steering_joint to position successfully

[ros2_control_node-2] [INFO] [1789569629.229045987] [RobotnikHW]: robot_back_left_steering_joint is already in position interface

[ros2_control_node-2] [INFO] [1789569629.229098257] [RobotnikHW]: Switched robot_back_left_steering_joint to position successfully

[ros2_control_node-2] [INFO] [1789569629.229224076] [RobotnikHW]: robot_back_right_steering_joint is already in position interface

[ros2_control_node-2] [INFO] [1789569629.229241583] [RobotnikHW]: robot_front_right_steering_joint is already in position interface

[ros2_control_node-2] [INFO] [1789569629.229267110] [RobotnikHW]: Switched robot_front_right_steering_joint to position successfully

[ros2_control_node-2] [INFO] [1789569629.229243138] [RobotnikHW]: Switched robot_back_right_steering_joint to position successfully

[ros2_control_node-2] [INFO] [1789569629.229481301] [RobotnikHW]: Command mode switch performed successfully

[ros2_control_node-2] [INFO] [1789569629.230519106] [RobotnikHW]: perform_command_mode_switch

[charge_manager-12] [INFO] [1789569629.242624275] [robot.charge_manager]: service '/robot/robotnik_io_controller/set_digital_output' is available
[ros2_control_node-2] [INFO] [1789569629.245818682] [robot.controller_manager]: Successfully switched controllers!

[brakes_supervisor_node-5] [INFO] [1789569629.251245903] [robot.robotnik_brakes_supervisor]: Brake supervisor status updated. Motor enabled=DISABLED, Brakes=CLOSED, Output=CLOSED_CMD, Feedback=OUTPUT

[spawner-3] [INFO] [1789569629.253387010] [robot.spawner_robotnik_base_control]: Configured and activated robotnik_io_controller
[INFO] [spawner-3]: process has finished cleanly [pid 1311842]
[ros2_control_node-2] [INFO] [1789569629.684296354] [RobotnikHW]: All motors become ready, ready to operate

[charge_manager-12] [INFO] [1789569629.742766739] [robot.charge_manager]: INIT_STATE -> STANDBY_STATE
[brakes_supervisor_node-5] [INFO] [1789569631.101156885] [robot.robotnik_brakes_supervisor]: Motors ENABLED - commanding brakes OPEN (output command doesn't match desired brake state)

[brakes_supervisor_node-5] [INFO] [1789569631.101984424] [robot.robotnik_brakes_supervisor]: Brake command SUCCESS: output set successfully

[brakes_supervisor_node-5] [INFO] [1789569631.210245820] [robot.robotnik_brakes_supervisor]: Brake supervisor status updated. Motor enabled=ENABLED, Brakes=OPEN, Output=OPEN_CMD, Feedback=OUTPUT

[charge_manager-12] [INFO] [1789569635.242792278] [robot.charge_manager]: STANDBY_STATE -> READY_STATE
[ros2_control_node-2] [WARN] [1789569681.450525611] [robot.controller_manager]: Overrun might occur, Total time : 380481.459 us (Expected < 20000.000 us) --> Read time : 17.634 us, Update time : 380451.780 us, Write time : 12.045 us

[ros2_control_node-2] [WARN] [1789569681.450603520] [robot.controller_manager]: Overrun detected! The controller manager missed its desired rate of 50 Hz. The loop took 380.693574 ms (missed cycles : 20).

[ros2_control_node-2] [WARN] [1789569683.286754302] [robot.controller_manager]: Overrun might occur, Total time : 136782.509 us (Expected < 20000.000 us) --> Read time : 13.279 us, Update time : 136760.660 us, Write time : 8.570 us

[ros2_control_node-2] [WARN] [1789569683.287039884] [robot.controller_manager]: Overrun detected! The controller manager missed its desired rate of 50 Hz. The loop took 137.129678 ms (missed cycles : 7).

[ros2_control_node-2] [WARN] [1789569704.062972163] [robot.controller_manager]: Overrun might occur, Total time : 52997.562 us (Expected < 20000.000 us) --> Read time : 14.362 us, Update time : 52970.785 us, Write time : 12.415 us

[ros2_control_node-2] [WARN] [1789569704.063025213] [robot.controller_manager]: Overrun detected! The controller manager missed its desired rate of 50 Hz. The loop took 53.115789 ms (missed cycles : 3).

[ros2_control_node-2] [WARN] [1789569724.224708170] [robot.controller_manager]: Overrun might occur, Total time : 34740.684 us (Expected < 20000.000 us) --> Read time : 9.904 us, Update time : 34719.167 us, Write time : 11.613 us

[ros2_control_node-2] [WARN] [1789569724.224780480] [robot.controller_manager]: Overrun detected! The controller manager missed its desired rate of 50 Hz. The loop took 34.870913 ms (missed cycles : 2).

