->Loading robot_params from /home/robot/robot_settings/robot_params
All the env variables configuration are located at /home/robot/robot_settings/robot_params
-> Read /home/robot/robot_settings/robot_params/bringup.env
-> Read /home/robot/robot_settings/robot_params/base/rbvogui_xl_params.env
-> Read /home/robot/robot_settings/robot_params/common/devices_params.env
-> Read /home/robot/robot_settings/robot_params/common/perception_params.env
-> Read /home/robot/robot_settings/robot_params/common/localization_params.env
-> Read /home/robot/robot_settings/robot_params/common/navigation_params.env
-> Read /home/robot/robot_settings/robot_params/common/manipulation_params.env
-> Read /home/robot/robot_settings/robot_params/common/behavior_params.env
-> Read /opt/ros/jazzy/setup.bash
-> Robot workspace is /home/robot/robot_ws
-> Read /home/robot/robot_ws/install/setup.bash

ROS_DOMAIN_ID = 38
RMW_IMPLEMENTATION = rmw_fastrtps_cpp
WORKSPACE = /home/robot/robot_ws/devel/setup.bash

[INFO] [launch]: All log files can be found below /home/robot/.ros/log/2026-09-16-16-51-31-444572-shrxl-200102ab-1432199
[INFO] [launch]: Default logging verbosity is set to INFO
[INFO] [launch.user]: robot_bringup::description: rendering xacro from path: "/home/robot/robot_settings/robot_data/shrxl-200102ab.urdf.xacro"
[INFO] [ros2_control_node-2]: process started with pid [1432234]
[INFO] [robotnik_base_hw_monitor-4]: process started with pid [1432236]
[INFO] [brakes_supervisor_node-5]: process started with pid [1432237]
[INFO] [robot_state_publisher-1]: process started with pid [1432233]
[INFO] [spawner-3]: process started with pid [1432235]
[INFO] [robot_state_publisher-6]: process started with pid [1432238]
[INFO] [joy_linux_node-7]: process started with pid [1432239]
[INFO] [robotnik_pad-8]: process started with pid [1432240]
[INFO] [daly_bms-9]: process started with pid [1432241]
[INFO] [vnpub-10]: process started with pid [1432242]
[INFO] [twist_mux-11]: process started with pid [1432243]
[INFO] [charge_manager-12]: process started with pid [1432244]
[robotnik_base_hw_monitor-4] [INFO] [1789570292.606559034] [robot.robotnik_base_hw_monitor]: Starting monitor for interface pcan-base

[robotnik_base_hw_monitor-4] [INFO] [1789570292.628780324] [robot.robotnik_base_hw_monitor]: Successfully connected to interface pcan-base

[robotnik_base_hw_monitor-4] [INFO] [1789570292.628917952] [robot.robotnik_base_hw_monitor]: Looking for motors on interface pcan-base

[robotnik_base_hw_monitor-4] [INFO] [1789570292.645771705] [robot.robotnik_base_hw_monitor]: Detected motor with ID=0x03 (AMC)

[robotnik_base_hw_monitor-4] [INFO] [1789570292.646640806] [robot.robotnik_base_hw_monitor]: Detected motor with ID=0x01 (AMC)

[robotnik_base_hw_monitor-4] [INFO] [1789570292.650064024] [robot.robotnik_base_hw_monitor]: Detected motor with ID=0x02 (AMC)

[robot_state_publisher-6] [INFO] [1789570292.649639307] [robot.robot_state_publisher]: Robot initialized
[robotnik_base_hw_monitor-4] [INFO] [1789570292.650854008] [robot.robotnik_base_hw_monitor]: Detected motor with ID=0x05 (AMC)

[robotnik_base_hw_monitor-4] [INFO] [1789570292.651432648] [robot.robotnik_base_hw_monitor]: Detected motor with ID=0x04 (AMC)

[robotnik_base_hw_monitor-4] [INFO] [1789570292.661623178] [robot.robotnik_base_hw_monitor]: Detected motor with ID=0x07 (AMC)

[robotnik_base_hw_monitor-4] [INFO] [1789570292.673479924] [robot.robotnik_base_hw_monitor]: Detected motor with ID=0x06 (AMC)

[robotnik_pad-8] [INFO] [1789570292.676885812] [robot.robotnik_pad]: I have read 1 components:
[robotnik_pad-8] [INFO] [1789570292.676967753] [robot.robotnik_pad]: Movement: robotnik_pad_plugins/Movement
[twist_mux-11] [INFO] [1789570292.683381412] [robot.twist_mux]: Topic handler 'topics.dock' subscribed to topic 'dock/cmd_vel': timeout = 0.500000s , priority = 30.
[robotnik_base_hw_monitor-4] [INFO] [1789570292.688393853] [robot.robotnik_base_hw_monitor]: Detected motor with ID=0x08 (AMC)

[ros2_control_node-2] [INFO] [1789570292.730534690] [robot.controller_manager]: Using Steady (Monotonic) clock for triggering controller manager cycles.

[ros2_control_node-2] [INFO] [1789570292.769590727] [robot.controller_manager]: Subscribing to '/robot/base/robot_description' topic for robot description.

[brakes_supervisor_node-5] [INFO] [1789570292.763615170] [robot.robotnik_brakes_supervisor]: Brake input name is empty - using output command as brake status feedback

[joy_linux_node-7] [ERROR] [1789570292.773574346] [robot.joy_node]: Couldn't open joystick /dev/input/js_base. Will retry every second.
[ros2_control_node-2] [INFO] [1789570292.776677504] [robot.controller_manager]: update rate is 50 Hz

[ros2_control_node-2] [INFO] [1789570292.776743918] [robot.controller_manager]: Overruns handling is : enabled

[ros2_control_node-2] [INFO] [1789570292.776774962] [robot.controller_manager]: Spawning controller_manager RT thread with scheduler priority: 50

[ros2_control_node-2] [WARN] [1789570292.776893314] [robot.controller_manager]: Could not enable FIFO RT scheduling policy: with error number <1>(Operation not permitted). See [https://control.ros.org/master/doc/ros2_control/controller_manager/doc/userdoc.html] for details on how to enable realtime scheduling.

[twist_mux-11] [INFO] [1789570292.782884112] [robot.twist_mux]: Topic handler 'topics.move' subscribed to topic 'move/cmd_vel': timeout = 0.500000s , priority = 30.
[twist_mux-11] [INFO] [1789570292.786162631] [robot.twist_mux]: Topic handler 'topics.nav' subscribed to topic 'move_base/cmd_vel': timeout = 0.500000s , priority = 20.
[twist_mux-11] [INFO] [1789570292.788343201] [robot.twist_mux]: Topic handler 'topics.pad' subscribed to topic 'pad_teleop/cmd_vel': timeout = 0.500000s , priority = 100.
[twist_mux-11] [INFO] [1789570292.790061183] [robot.twist_mux]: Topic handler 'locks.base_brakes_enabled' subscribed to topic 'robotnik_brake_supervisor/brakes_closed': timeout = None , priority = 250.
[twist_mux-11] [INFO] [1789570292.791717386] [robot.twist_mux]: Topic handler 'locks.base_emergency_stop' subscribed to topic 'robotnik_base_hw/emergency_stop': timeout = None , priority = 250.
[twist_mux-11] [INFO] [1789570292.793526692] [robot.twist_mux]: Topic handler 'locks.base_motors_enabled' subscribed to topic 'robotnik_base_hw_monitor/any_motor_disabled': timeout = 1.000000s , priority = 250.
[twist_mux-11] [INFO] [1789570292.794918637] [robot.twist_mux]: Topic handler 'locks.safety_emergency_stop' subscribed to topic 'safety_module/emergency_stop': timeout = None , priority = 250.
[brakes_supervisor_node-5] [WARN] [1789570292.840274153] [robot.robotnik_brakes_supervisor]: No feedback brake input configured, using output command as brake status

[robot_state_publisher-1] [INFO] [1789570292.842473156] [robot.robot_state_publisher_ros2_control]: Robot initialized
[ros2_control_node-2] [INFO] [1789570292.842594081] [robot.controller_manager]: Received robot description from topic.

[ros2_control_node-2] [INFO] [1789570292.859727081] [robot.controller_manager]: Loading hardware 'rbvogui_xl' 

[ros2_control_node-2] [INFO] [1789570292.868335101] [robot.controller_manager]: Loaded hardware 'rbvogui_xl' from plugin 'robotnik_base_hw/RobotnikBaseHW'

[vnpub-10] [INFO] [1789570292.868177843] [robot.imu]: Connecting to : /dev/ttyUSB_IMU @ 921600 Baud
[ros2_control_node-2] [INFO] [1789570292.868460071] [robot.controller_manager]: Initialize hardware 'rbvogui_xl' 

[vnpub-10] [INFO] [1789570292.869611288] [robot.imu]: Set port to ASYNCY_LOW_LATENCY
[vnpub-10] [INFO] [1789570292.870077658] [robot.imu]: Connecting with default at 921600
[vnpub-10] [INFO] [1789570292.877159368] [robot.imu]: Connected baud rate is 921600
[vnpub-10] [INFO] [1789570292.880319319] [robot.imu]: Device connection established
[vnpub-10] [INFO] [1789570292.900411261] [robot.imu]: Model Number: VN-100T-CR, Firmware Version: 3.0.0.0
[vnpub-10] [INFO] [1789570292.902681312] [robot.imu]: Hardware Revision : 7, Serial Number : 100062900
[vnpub-10] [INFO] [1789570292.902827729] [robot.imu]: Package Receive Rate: 200 Hz
[vnpub-10] [INFO] [1789570292.902836103] [robot.imu]: General Publish Rate: 200 Hz
[vnpub-10] [INFO] [1789570292.902841047] [robot.imu]: IMU Publish Rate: 200 Hz
[ros2_control_node-2] [INFO] [1789570292.906899817] [RobotnikHW]: Init sync task

[ros2_control_node-2] [INFO] [1789570292.908441303] [RobotnikHW]: Create motor for joint robot_front_left_wheel_joint

[ros2_control_node-2] [INFO] [1789570292.908489743] [RobotnikHW]: Instantiating motor robot_front_left_wheel_joint

[ros2_control_node-2] [INFO] [1789570292.910426888] [RobotnikHW]: Create motor for joint robot_back_left_wheel_joint

[ros2_control_node-2] [INFO] [1789570292.910462282] [RobotnikHW]: Instantiating motor robot_back_left_wheel_joint

[ros2_control_node-2] [INFO] [1789570292.910553666] [RobotnikHW]: Create motor for joint robot_front_right_wheel_joint

[ros2_control_node-2] [INFO] [1789570292.910579059] [RobotnikHW]: Instantiating motor robot_front_right_wheel_joint

[ros2_control_node-2] [INFO] [1789570292.910679751] [RobotnikHW]: Create motor for joint robot_front_left_steering_joint

[ros2_control_node-2] [INFO] [1789570292.910711650] [RobotnikHW]: Instantiating motor robot_front_left_steering_joint

[ros2_control_node-2] [INFO] [1789570292.910811658] [RobotnikHW]: Create motor for joint robot_back_left_steering_joint

[ros2_control_node-2] [INFO] [1789570292.910860069] [RobotnikHW]: Instantiating motor robot_back_left_steering_joint

[ros2_control_node-2] [INFO] [1789570292.911081088] [RobotnikHW]: Create motor for joint robot_front_right_steering_joint

[ros2_control_node-2] [INFO] [1789570292.911102162] [RobotnikHW]: Instantiating motor robot_front_right_steering_joint

[ros2_control_node-2] [INFO] [1789570292.911318645] [RobotnikHW]: Create motor for joint robot_back_right_steering_joint

[ros2_control_node-2] [INFO] [1789570292.911338107] [RobotnikHW]: Instantiating motor robot_back_right_steering_joint

[ros2_control_node-2] [INFO] [1789570292.911475474] [RobotnikHW]: Create motor for joint robot_back_right_wheel_joint

[ros2_control_node-2] [INFO] [1789570292.911515539] [RobotnikHW]: Instantiating motor robot_back_right_wheel_joint

[robotnik_base_hw_monitor-4] [WARN] [1789570292.919109068] [robotnik_base_hw_monitor]: NMT[0x01] - Communication transition hard reset

[robotnik_base_hw_monitor-4] [WARN] [1789570292.920986862] [robotnik_base_hw_monitor]: NMT[0x02] - Communication transition hard reset

[robotnik_base_hw_monitor-4] [WARN] [1789570292.921326416] [robotnik_base_hw_monitor]: NMT[0x03] - Communication transition hard reset

[robotnik_base_hw_monitor-4] [WARN] [1789570292.921393609] [robotnik_base_hw_monitor]: NMT[0x05] - Communication transition hard reset

[robotnik_base_hw_monitor-4] [WARN] [1789570292.921895512] [robotnik_base_hw_monitor]: NMT[0x08] - Communication transition hard reset

[robotnik_base_hw_monitor-4] [WARN] [1789570292.922345144] [robotnik_base_hw_monitor]: NMT[0x06] - Communication transition hard reset

[robotnik_base_hw_monitor-4] [WARN] [1789570292.922560076] [robotnik_base_hw_monitor]: NMT[0x04] - Communication transition hard reset

[robotnik_base_hw_monitor-4] [WARN] [1789570292.923239366] [robotnik_base_hw_monitor]: NMT[0x07] - Communication transition hard reset

[vnpub-10] [INFO] [1789570292.930162243] [robot.imu]: Current rotation reference frame: [(1; 0; 0)(0; 1; 0)(0; 0; 1)]
[robotnik_base_hw_monitor-4] [INFO] [1789570292.991657828] [robot.robotnik_base_hw_monitor]: Found 8 motors

[robotnik_base_hw_monitor-4] [INFO] [1789570293.063519948] [robotnik_base_hw_monitor]: NMT[0x01] - Device boot-up message received

[robotnik_base_hw_monitor-4] [INFO] [1789570293.065642895] [robotnik_base_hw_monitor]: NMT[0x02] - Device boot-up message received

[robotnik_base_hw_monitor-4] [INFO] [1789570293.065661612] [robotnik_base_hw_monitor]: NMT[0x03] - Device boot-up message received

[robotnik_base_hw_monitor-4] [INFO] [1789570293.067181655] [robotnik_base_hw_monitor]: NMT[0x04] - Device boot-up message received

[ros2_control_node-2] [INFO] [1789570293.069766844] [RobotnikHW]: Setting encoder resolution for motor robot_front_left_wheel_joint with 4096 counts

[ros2_control_node-2] [INFO] [1789570293.069788438] [RobotnikHW]: Setting limits for motor robot_front_left_wheel_joint

[ros2_control_node-2] [INFO] [1789570293.069796348] [RobotnikHW]: Velocity limits for motor robot_front_left_wheel_joint: [-18.849500, 18.849500]

[ros2_control_node-2] [INFO] [1789570293.069806050] [RobotnikHW]: Input output frequency for motor robot_front_left_wheel_joint is 5.00 Hz

[ros2_control_node-2] [INFO] [1789570293.071867356] [RobotnikHW]: Setting encoder resolution for motor robot_back_left_wheel_joint with 4096 counts

[ros2_control_node-2] [INFO] [1789570293.072000922] [RobotnikHW]: Setting limits for motor robot_back_left_wheel_joint

[ros2_control_node-2] [INFO] [1789570293.072015516] [RobotnikHW]: Velocity limits for motor robot_back_left_wheel_joint: [-18.849500, 18.849500]

[ros2_control_node-2] [INFO] [1789570293.072261716] [RobotnikHW]: Input output frequency for motor robot_back_left_wheel_joint is 5.00 Hz

[ros2_control_node-2] [INFO] [1789570293.072120661] [RobotnikHW]: Setting encoder resolution for motor robot_front_right_wheel_joint with 4096 counts

[ros2_control_node-2] [INFO] [1789570293.072528334] [RobotnikHW]: Setting limits for motor robot_front_right_wheel_joint

[ros2_control_node-2] [INFO] [1789570293.072544577] [RobotnikHW]: Velocity limits for motor robot_front_right_wheel_joint: [-18.849500, 18.849500]

[ros2_control_node-2] [INFO] [1789570293.072585754] [RobotnikHW]: Input output frequency for motor robot_front_right_wheel_joint is 5.00 Hz

[ros2_control_node-2] [INFO] [1789570293.074424561] [RobotnikHW]: Setting encoder resolution for motor robot_back_right_wheel_joint with 4096 counts

[ros2_control_node-2] [INFO] [1789570293.074443745] [RobotnikHW]: Setting limits for motor robot_back_right_wheel_joint

[ros2_control_node-2] [INFO] [1789570293.074449849] [RobotnikHW]: Velocity limits for motor robot_back_right_wheel_joint: [-18.849500, 18.849500]

[ros2_control_node-2] [INFO] [1789570293.074458374] [RobotnikHW]: Input output frequency for motor robot_back_right_wheel_joint is 5.00 Hz

[robotnik_base_hw_monitor-4] [INFO] [1789570293.488232764] [robotnik_base_hw_monitor]: NMT[0x05] - Device boot-up message received

[robotnik_base_hw_monitor-4] [INFO] [1789570293.488259033] [robotnik_base_hw_monitor]: NMT[0x08] - Device boot-up message received

[robotnik_base_hw_monitor-4] [INFO] [1789570293.488265705] [robotnik_base_hw_monitor]: NMT[0x06] - Device boot-up message received

[ros2_control_node-2] [INFO] [1789570293.489305200] [RobotnikHW]: Setting encoder resolution for motor robot_back_right_steering_joint with 4096 counts

[ros2_control_node-2] [INFO] [1789570293.489323931] [RobotnikHW]: Setting limits for motor robot_back_right_steering_joint

[ros2_control_node-2] [INFO] [1789570293.489330246] [RobotnikHW]: Position limits for motor robot_back_right_steering_joint: [-2.500000, 2.500000] with margin 0.050000

[ros2_control_node-2] [INFO] [1789570293.489338499] [RobotnikHW]: Input output frequency for motor robot_back_right_steering_joint is 5.00 Hz

[robotnik_base_hw_monitor-4] [INFO] [1789570293.489919909] [robotnik_base_hw_monitor]: NMT[0x07] - Device boot-up message received

[ros2_control_node-2] [INFO] [1789570293.495062245] [RobotnikHW]: Setting encoder resolution for motor robot_back_left_steering_joint with 4096 counts

[ros2_control_node-2] [INFO] [1789570293.495079211] [RobotnikHW]: Setting limits for motor robot_back_left_steering_joint

[ros2_control_node-2] [INFO] [1789570293.495084729] [RobotnikHW]: Position limits for motor robot_back_left_steering_joint: [-2.500000, 2.500000] with margin 0.050000

[ros2_control_node-2] [INFO] [1789570293.495091795] [RobotnikHW]: Input output frequency for motor robot_back_left_steering_joint is 5.00 Hz

[ros2_control_node-2] [INFO] [1789570293.498377152] [RobotnikHW]: Setting encoder resolution for motor robot_front_left_steering_joint with 4096 counts

[ros2_control_node-2] [INFO] [1789570293.498395604] [RobotnikHW]: Setting limits for motor robot_front_left_steering_joint

[ros2_control_node-2] [INFO] [1789570293.498401865] [RobotnikHW]: Position limits for motor robot_front_left_steering_joint: [-2.500000, 2.500000] with margin 0.050000

[ros2_control_node-2] [INFO] [1789570293.498410174] [RobotnikHW]: Input output frequency for motor robot_front_left_steering_joint is 5.00 Hz

[ros2_control_node-2] [INFO] [1789570293.498390396] [RobotnikHW]: Setting encoder resolution for motor robot_front_right_steering_joint with 4096 counts

[ros2_control_node-2] [INFO] [1789570293.498434340] [RobotnikHW]: Setting limits for motor robot_front_right_steering_joint

[ros2_control_node-2] [INFO] [1789570293.498440666] [RobotnikHW]: Position limits for motor robot_front_right_steering_joint: [-2.500000, 2.500000] with margin 0.050000

[ros2_control_node-2] [INFO] [1789570293.498449288] [RobotnikHW]: Input output frequency for motor robot_front_right_steering_joint is 5.00 Hz

[ros2_control_node-2] [INFO] [1789570293.498535134] [RobotnikHW]: Configure motor for joint robot_front_left_wheel_joint

[ros2_control_node-2] [INFO] [1789570293.498624226] [RobotnikHW]: Configure motor for joint robot_front_right_wheel_joint

[ros2_control_node-2] [INFO] [1789570293.498633242] [RobotnikHW]: Configure motor for joint robot_back_left_wheel_joint

[ros2_control_node-2] [INFO] [1789570293.498634472] [RobotnikHW]: Configure motor for joint robot_back_right_wheel_joint

[ros2_control_node-2] [INFO] [1789570293.498763925] [RobotnikHW]: Configure motor for joint robot_back_left_steering_joint

[ros2_control_node-2] [INFO] [1789570293.498792030] [RobotnikHW]: Configure motor for joint robot_front_left_steering_joint

[robotnik_base_hw_monitor-4] [WARN] [1789570293.498597086] [robotnik_base_hw_monitor]: NMT[0x01] - Communication transition soft reset

[robotnik_base_hw_monitor-4] [WARN] [1789570293.498724484] [robotnik_base_hw_monitor]: NMT[0x03] - Communication transition soft reset

[robotnik_base_hw_monitor-4] [WARN] [1789570293.498768202] [robotnik_base_hw_monitor]: NMT[0x02] - Communication transition soft reset

[robotnik_base_hw_monitor-4] [WARN] [1789570293.498774335] [robotnik_base_hw_monitor]: NMT[0x04] - Communication transition soft reset

[ros2_control_node-2] [INFO] [1789570293.498879071] [RobotnikHW]: Configure motor for joint robot_front_right_steering_joint

[ros2_control_node-2] [INFO] [1789570293.498897937] [RobotnikHW]: Configure motor for joint robot_back_right_steering_joint

[robotnik_base_hw_monitor-4] [WARN] [1789570293.498838401] [robotnik_base_hw_monitor]: NMT[0x06] - Communication transition soft reset

[robotnik_base_hw_monitor-4] [WARN] [1789570293.498970933] [robotnik_base_hw_monitor]: NMT[0x05] - Communication transition soft reset

[robotnik_base_hw_monitor-4] [WARN] [1789570293.498978457] [robotnik_base_hw_monitor]: NMT[0x07] - Communication transition soft reset

[robotnik_base_hw_monitor-4] [WARN] [1789570293.498983617] [robotnik_base_hw_monitor]: NMT[0x08] - Communication transition soft reset

[robotnik_base_hw_monitor-4] [INFO] [1789570293.499993706] [robotnik_base_hw_monitor]: NMT[0x01] - Device boot-up message received

[robotnik_base_hw_monitor-4] [INFO] [1789570293.500025354] [robotnik_base_hw_monitor]: NMT[0x03] - Device boot-up message received

[robotnik_base_hw_monitor-4] [INFO] [1789570293.500057482] [robotnik_base_hw_monitor]: NMT[0x02] - Device boot-up message received

[robotnik_base_hw_monitor-4] [INFO] [1789570293.500926285] [robotnik_base_hw_monitor]: NMT[0x04] - Device boot-up message received

[robotnik_base_hw_monitor-4] [INFO] [1789570293.500988788] [robotnik_base_hw_monitor]: NMT[0x06] - Device boot-up message received

[robotnik_base_hw_monitor-4] [INFO] [1789570293.501021123] [robotnik_base_hw_monitor]: NMT[0x05] - Device boot-up message received

[robotnik_base_hw_monitor-4] [INFO] [1789570293.501065057] [robotnik_base_hw_monitor]: NMT[0x07] - Device boot-up message received

[robotnik_base_hw_monitor-4] [INFO] [1789570293.501078367] [robotnik_base_hw_monitor]: NMT[0x08] - Device boot-up message received

[robotnik_base_hw_monitor-4] [INFO] [1789570293.961780100] [robotnik_base_hw_monitor]: NMT[0x02] - Communication transition operational

[robotnik_base_hw_monitor-4] [INFO] [1789570293.962021703] [robotnik_base_hw_monitor]: NMT[0x03] - Communication transition operational

[robotnik_base_hw_monitor-4] [INFO] [1789570293.962298974] [robotnik_base_hw_monitor]: NMT[0x06] - Communication transition operational

[robotnik_base_hw_monitor-4] [INFO] [1789570293.962913275] [robotnik_base_hw_monitor]: NMT[0x01] - Communication transition operational

[robotnik_base_hw_monitor-4] [INFO] [1789570293.963543785] [robotnik_base_hw_monitor]: NMT[0x04] - Communication transition operational

[ros2_control_node-2] [INFO] [1789570293.963765408] [RobotnikHW]: Motor configured for joint robot_back_left_wheel_joint

[ros2_control_node-2] [INFO] [1789570293.963792413] [RobotnikHW]: Motor configured for joint robot_back_left_steering_joint

[ros2_control_node-2] [INFO] [1789570293.963831750] [RobotnikHW]: Motor configured for joint robot_front_right_wheel_joint

[ros2_control_node-2] [INFO] [1789570293.964942160] [RobotnikHW]: Motor configured for joint robot_front_left_wheel_joint

[ros2_control_node-2] [INFO] [1789570293.964968281] [RobotnikHW]: Motor configured for joint robot_back_right_wheel_joint

[robotnik_base_hw_monitor-4] [INFO] [1789570293.965141534] [robotnik_base_hw_monitor]: NMT[0x07] - Communication transition operational

[ros2_control_node-2] [INFO] [1789570293.966703768] [RobotnikHW]: Motor configured for joint robot_front_right_steering_joint

[daly_bms-9] [INFO] [1789570293.971037888] [robot.battery_estimator]: Starting Daly BMS Nodebattery_estimator
[robotnik_base_hw_monitor-4] [INFO] [1789570293.976479392] [robotnik_base_hw_monitor]: NMT[0x05] - Communication transition operational

[ros2_control_node-2] [INFO] [1789570293.976556522] [RobotnikHW]: Motor configured for joint robot_front_left_steering_joint

[spawner-3] [INFO] [1789570294.062478353] [robot.spawner_robotnik_base_control]: waiting for service /robot/controller_manager/list_controllers to become available...
[robotnik_base_hw_monitor-4] [INFO] [1789570294.074663418] [robotnik_base_hw_monitor]: NMT[0x08] - Communication transition operational

[ros2_control_node-2] [INFO] [1789570294.078087661] [RobotnikHW]: Motor configured for joint robot_back_right_steering_joint

[ros2_control_node-2] [INFO] [1789570294.078326142] [RobotnikHW]: Reading absolute encoder for joint robot_front_left_steering_joint

[ros2_control_node-2] [WARN] [1789570294.078372953] [RobotnikHW]: Current value for joint robot_front_left_steering_joint is zero, indicating an error reading the absolute encoder, retrying...

[ros2_control_node-2] [INFO] [1789570294.078380089] [RobotnikHW]: Reading absolute encoder for joint robot_back_left_steering_joint

[ros2_control_node-2] [WARN] [1789570294.078409036] [RobotnikHW]: Current value for joint robot_back_left_steering_joint is zero, indicating an error reading the absolute encoder, retrying...

[ros2_control_node-2] [INFO] [1789570294.078427638] [RobotnikHW]: Reading absolute encoder for joint robot_front_right_steering_joint

[ros2_control_node-2] [INFO] [1789570294.078456555] [RobotnikHW]: Reading absolute encoder for joint robot_back_right_steering_joint

[ros2_control_node-2] [WARN] [1789570294.078456705] [RobotnikHW]: Current value for joint robot_front_right_steering_joint is zero, indicating an error reading the absolute encoder, retrying...

[ros2_control_node-2] [WARN] [1789570294.078477976] [RobotnikHW]: Current value for joint robot_back_right_steering_joint is zero, indicating an error reading the absolute encoder, retrying...

[daly_bms-9] [INFO] [1789570294.092568950] [robot.battery_estimator]: serial port: /dev/ttyUSB_BMS
[daly_bms-9] [INFO] [1789570294.157784259] [robot.battery_estimator]: Successfully connected to BMS.
[ros2_control_node-2] [INFO] [1789570294.479311837] [RobotnikHW]: Home offset found for joint robot_back_right_steering_joint, current_counts 2513105, offset -38.550118, current_value 0.000430

[ros2_control_node-2] [INFO] [1789570294.482479337] [RobotnikHW]: Home offset found for joint robot_front_left_steering_joint, current_counts 13732562, offset -210.654326, current_value 0.000537

[ros2_control_node-2] [INFO] [1789570294.485263420] [RobotnikHW]: Home offset found for joint robot_back_left_steering_joint, current_counts 14461553, offset 221.838012, current_value 0.000568

[ros2_control_node-2] [INFO] [1789570294.507024188] [RobotnikHW]: Home offset found for joint robot_front_right_steering_joint, current_counts 9341045, offset 143.290373, current_value 0.000537

[ros2_control_node-2] [INFO] [1789570294.507118876] [RobotnikHW]: Init reset task

[ros2_control_node-2] [INFO] [1789570294.507186339] [robot.controller_manager]: Successful initialization of hardware 'rbvogui_xl'

[ros2_control_node-2] [INFO] [1789570294.507284960] [RobotnikHW]: export_state_interfaces

[ros2_control_node-2] [INFO] [1789570294.507204491] [RobotnikHW]: Reset task started

[ros2_control_node-2] [INFO] [1789570294.507762776] [RobotnikHW]: All motors become ready, ready to operate

[ros2_control_node-2] [INFO] [1789570294.508189623] [RobotnikHW]: export_command_interfaces

[ros2_control_node-2] [INFO] [1789570294.508717334] [resource_manager]: 'configure' hardware 'rbvogui_xl' 

[ros2_control_node-2] [INFO] [1789570294.508737470] [RobotnikHW]: on_configure

[ros2_control_node-2] [INFO] [1789570294.508742910] [resource_manager]: Successful 'configure' of hardware 'rbvogui_xl'

[ros2_control_node-2] [INFO] [1789570294.508879095] [resource_manager]: 'activate' hardware 'rbvogui_xl' 

[ros2_control_node-2] [INFO] [1789570294.508887939] [RobotnikHW]: on_activate

[ros2_control_node-2] [INFO] [1789570294.508894879] [resource_manager]: Successful 'activate' of hardware 'rbvogui_xl'

[ros2_control_node-2] [INFO] [1789570294.509081075] [robot.controller_manager]: Registering statistics for : rbvogui_xl

[ros2_control_node-2] [INFO] [1789570294.509362676] [robot.controller_manager]: Resource Manager has been successfully initialized. Starting Controller Manager services...

[ros2_control_node-2] [INFO] [1789570295.926664597] [robot.controller_manager]: Loading controller : 'robotnik_base_control' of type 'robotnik_controllers/RBVoguiXLController'

[ros2_control_node-2] [INFO] [1789570295.926823654] [robot.controller_manager]: Loading controller 'robotnik_base_control'

[ros2_control_node-2] [INFO] [1789570295.948824758] [robot.controller_manager]: Controller 'robotnik_base_control' node arguments: --ros-args --params-file /tmp/launch_params_72iyuh22 --params-file /tmp/launch_params_c66mnmpc --params-file /tmp/launch_params__n9rijj5 --params-file /tmp/launch_params_geqh9ox1 

[spawner-3] [INFO] [1789570296.099087984] [robot.spawner_robotnik_base_control]: Loaded robotnik_base_control
[ros2_control_node-2] [INFO] [1789570296.107077904] [robot.controller_manager]: Configuring controller: 'robotnik_base_control'

[ros2_control_node-2] [INFO] [1789570296.374918218] [robot.controller_manager]: Activating controllers: [ robotnik_base_control ]

[ros2_control_node-2] [INFO] [1789570296.376234600] [RobotnikHW]: Checking if command mode switch is possible

[ros2_control_node-2] [INFO] [1789570296.376493042] [RobotnikHW]: Command mode switch is possible, performing switch

[ros2_control_node-2] [INFO] [1789570296.376681974] [RobotnikHW]: Switching robot_front_left_wheel_joint to velocity

[ros2_control_node-2] [INFO] [1789570296.376695833] [RobotnikHW]: Switching robot_back_left_wheel_joint to velocity

[ros2_control_node-2] [INFO] [1789570296.376713101] [RobotnikHW]: Switching robot_front_right_wheel_joint to velocity

[ros2_control_node-2] [INFO] [1789570296.376843739] [RobotnikHW]: Switching robot_back_right_wheel_joint to velocity

[ros2_control_node-2] [INFO] [1789570296.377216108] [RobotnikHW]: Switching robot_back_left_steering_joint to position

[ros2_control_node-2] [INFO] [1789570296.377343824] [RobotnikHW]: Switching robot_front_left_steering_joint to position

[ros2_control_node-2] [INFO] [1789570296.377371749] [RobotnikHW]: Switching robot_front_right_steering_joint to position

[ros2_control_node-2] [INFO] [1789570296.377602525] [RobotnikHW]: Switching robot_back_right_steering_joint to position

[ros2_control_node-2] [INFO] [1789570296.389210875] [RobotnikHW]: Switched robot_front_left_wheel_joint to velocity successfully

[ros2_control_node-2] [INFO] [1789570296.389239359] [RobotnikHW]: Switched robot_front_right_wheel_joint to velocity successfully

[ros2_control_node-2] [INFO] [1789570296.390506809] [RobotnikHW]: Switched robot_back_right_wheel_joint to velocity successfully

[ros2_control_node-2] [INFO] [1789570296.390648999] [RobotnikHW]: Switched robot_back_left_wheel_joint to velocity successfully

[ros2_control_node-2] [INFO] [1789570296.394008308] [RobotnikHW]: Switched robot_front_right_steering_joint to position successfully

[ros2_control_node-2] [INFO] [1789570296.395094814] [RobotnikHW]: Switched robot_front_left_steering_joint to position successfully

[ros2_control_node-2] [INFO] [1789570296.397362299] [RobotnikHW]: Switched robot_back_right_steering_joint to position successfully

[ros2_control_node-2] [INFO] [1789570296.397810586] [RobotnikHW]: Switched robot_back_left_steering_joint to position successfully

[ros2_control_node-2] [INFO] [1789570296.398030033] [RobotnikHW]: Command mode switch performed successfully

[ros2_control_node-2] [INFO] [1789570296.417396256] [RobotnikHW]: perform_command_mode_switch

[ros2_control_node-2] [INFO] [1789570296.418017739] [robot.robotnik_base_control]: robotnik_controllers -> RobotnikController::on_activate

[ros2_control_node-2] [INFO] [1789570296.418324451] [robot.controller_manager]: Successfully switched controllers!

[spawner-3] [INFO] [1789570296.443576402] [robot.spawner_robotnik_base_control]: Configured and activated robotnik_base_control
[ros2_control_node-2] [INFO] [1789570296.449459355] [robot.controller_manager]: Loading controller : 'joint_state_broadcaster' of type 'joint_state_broadcaster/JointStateBroadcaster'

[ros2_control_node-2] [INFO] [1789570296.449519273] [robot.controller_manager]: Loading controller 'joint_state_broadcaster'

[ros2_control_node-2] [INFO] [1789570296.455057733] [robot.controller_manager]: Controller 'joint_state_broadcaster' node arguments: --ros-args --params-file /tmp/launch_params_72iyuh22 --params-file /tmp/launch_params_c66mnmpc --params-file /tmp/launch_params__n9rijj5 --params-file /tmp/launch_params_geqh9ox1 

[ros2_control_node-2] [WARN] [1789570296.513974847] [robotnik_base_hw]: The following motors are not ready: robot_front_left_wheel_joint (e-stop pressed), robot_back_left_wheel_joint (e-stop pressed), robot_front_right_wheel_joint (e-stop pressed), robot_back_right_wheel_joint (e-stop pressed), robot_front_left_steering_joint (e-stop pressed), robot_back_left_steering_joint (e-stop pressed), robot_front_right_steering_joint (e-stop pressed), robot_back_right_steering_joint (e-stop pressed). (e-stop pressed or trying to enable the motor). Please check the motor status.

[spawner-3] [INFO] [1789570296.641701523] [robot.spawner_robotnik_base_control]: Loaded joint_state_broadcaster
[ros2_control_node-2] [INFO] [1789570296.653372346] [robot.controller_manager]: Configuring controller: 'joint_state_broadcaster'

[ros2_control_node-2] [INFO] [1789570296.654072160] [robot.joint_state_broadcaster]: 'joints' or 'interfaces' parameter is empty. All available state interfaces will be published

[ros2_control_node-2] [INFO] [1789570296.681124609] [robot.controller_manager]: Activating controllers: [ joint_state_broadcaster ]

[ros2_control_node-2] [INFO] [1789570296.698121230] [robot.controller_manager]: Successfully switched controllers!

[spawner-3] [INFO] [1789570296.720979970] [robot.spawner_robotnik_base_control]: Configured and activated joint_state_broadcaster
[ros2_control_node-2] [INFO] [1789570296.724121009] [robot.controller_manager]: Loading controller : 'robotnik_io_controller' of type 'robotnik_io_controller/RobotnikIOController'

[ros2_control_node-2] [INFO] [1789570296.724161704] [robot.controller_manager]: Loading controller 'robotnik_io_controller'

[ros2_control_node-2] [INFO] [1789570296.731540669] [robot.controller_manager]: Controller 'robotnik_io_controller' node arguments: --ros-args --params-file /tmp/launch_params_72iyuh22 --params-file /tmp/launch_params_c66mnmpc --params-file /tmp/launch_params__n9rijj5 --params-file /tmp/launch_params_geqh9ox1 

[spawner-3] [INFO] [1789570296.859955353] [robot.spawner_robotnik_base_control]: Loaded robotnik_io_controller
[ros2_control_node-2] [INFO] [1789570296.862558200] [robot.controller_manager]: Configuring controller: 'robotnik_io_controller'

[ros2_control_node-2] [INFO] [1789570296.862657564] [robot.robotnik_io_controller]: RobotnikIOController::on_configure(): Configuration successful

[ros2_control_node-2] [INFO] [1789570296.878414807] [robot.controller_manager]: Activating controllers: [ robotnik_io_controller ]

[ros2_control_node-2] [INFO] [1789570296.878670520] [RobotnikHW]: Checking if command mode switch is possible

[ros2_control_node-2] [INFO] [1789570296.878696268] [RobotnikHW]: Command mode switch is possible, performing switch

[ros2_control_node-2] [INFO] [1789570296.878765273] [RobotnikHW]: robot_front_left_wheel_joint is already in velocity interface

[ros2_control_node-2] [INFO] [1789570296.878788996] [RobotnikHW]: Switched robot_front_left_wheel_joint to velocity successfully

[ros2_control_node-2] [INFO] [1789570296.878778644] [RobotnikHW]: robot_back_left_wheel_joint is already in velocity interface

[ros2_control_node-2] [INFO] [1789570296.878817662] [RobotnikHW]: robot_back_right_wheel_joint is already in velocity interface

[ros2_control_node-2] [INFO] [1789570296.878838958] [RobotnikHW]: Switched robot_back_right_wheel_joint to velocity successfully

[ros2_control_node-2] [INFO] [1789570296.878797536] [RobotnikHW]: robot_front_right_wheel_joint is already in velocity interface

[ros2_control_node-2] [INFO] [1789570296.878869413] [RobotnikHW]: Switched robot_front_right_wheel_joint to velocity successfully

[ros2_control_node-2] [INFO] [1789570296.878820227] [RobotnikHW]: Switched robot_back_left_wheel_joint to velocity successfully

[ros2_control_node-2] [INFO] [1789570296.878886743] [RobotnikHW]: robot_front_left_steering_joint is already in position interface

[ros2_control_node-2] [INFO] [1789570296.878928098] [RobotnikHW]: Switched robot_front_left_steering_joint to position successfully

[ros2_control_node-2] [INFO] [1789570296.878920150] [RobotnikHW]: robot_back_left_steering_joint is already in position interface

[ros2_control_node-2] [INFO] [1789570296.878960187] [RobotnikHW]: Switched robot_back_left_steering_joint to position successfully

[ros2_control_node-2] [INFO] [1789570296.878987606] [RobotnikHW]: robot_front_right_steering_joint is already in position interface

[ros2_control_node-2] [INFO] [1789570296.879014963] [RobotnikHW]: Switched robot_front_right_steering_joint to position successfully

[ros2_control_node-2] [INFO] [1789570296.878996694] [RobotnikHW]: robot_back_right_steering_joint is already in position interface

[ros2_control_node-2] [INFO] [1789570296.879046387] [RobotnikHW]: Switched robot_back_right_steering_joint to position successfully

[ros2_control_node-2] [INFO] [1789570296.879094377] [RobotnikHW]: Command mode switch performed successfully

[ros2_control_node-2] [INFO] [1789570296.897769148] [RobotnikHW]: perform_command_mode_switch

[charge_manager-12] [INFO] [1789570296.905351936] [robot.charge_manager]: service '/robot/robotnik_io_controller/set_digital_output' is available
[ros2_control_node-2] [INFO] [1789570296.908447358] [robot.controller_manager]: Successfully switched controllers!

[brakes_supervisor_node-5] [INFO] [1789570296.918831162] [robot.robotnik_brakes_supervisor]: Brake supervisor status updated. Motor enabled=DISABLED, Brakes=CLOSED, Output=CLOSED_CMD, Feedback=OUTPUT

[spawner-3] [INFO] [1789570296.921829080] [robot.spawner_robotnik_base_control]: Configured and activated robotnik_io_controller
[INFO] [spawner-3]: process has finished cleanly [pid 1432235]
[ros2_control_node-2] [INFO] [1789570297.310266542] [RobotnikHW]: All motors become ready, ready to operate

[charge_manager-12] [INFO] [1789570297.405753483] [robot.charge_manager]: INIT_STATE -> STANDBY_STATE
[brakes_supervisor_node-5] [INFO] [1789570298.818767413] [robot.robotnik_brakes_supervisor]: Motors ENABLED - commanding brakes OPEN (output command doesn't match desired brake state)

[brakes_supervisor_node-5] [INFO] [1789570298.819625414] [robot.robotnik_brakes_supervisor]: Brake command SUCCESS: output set successfully

[brakes_supervisor_node-5] [INFO] [1789570298.937551023] [robot.robotnik_brakes_supervisor]: Brake supervisor status updated. Motor enabled=ENABLED, Brakes=OPEN, Output=OPEN_CMD, Feedback=OUTPUT

[ros2_control_node-2] [WARN] [1789570300.830881236] [robot.controller_manager]: Overrun might occur, Total time : 33680.172 us (Expected < 20000.000 us) --> Read time : 18.695 us, Update time : 33649.609 us, Write time : 11.868 us

[ros2_control_node-2] [WARN] [1789570300.831487898] [robot.controller_manager]: Overrun detected! The controller manager missed its desired rate of 50 Hz. The loop took 34.381896 ms (missed cycles : 2).

[charge_manager-12] [INFO] [1789570302.905761793] [robot.charge_manager]: STANDBY_STATE -> READY_STATE
[ros2_control_node-2] [WARN] [1789570314.835137985] [robot.controller_manager]: Overrun might occur, Total time : 40507.299 us (Expected < 20000.000 us) --> Read time : 22.788 us, Update time : 40471.845 us, Write time : 12.666 us

[ros2_control_node-2] [WARN] [1789570314.835200836] [robot.controller_manager]: Overrun detected! The controller manager missed its desired rate of 50 Hz. The loop took 58.095080 ms (missed cycles : 3).

[ros2_control_node-2] [WARN] [1789570335.167631527] [robot.controller_manager]: Overrun might occur, Total time : 30462.167 us (Expected < 20000.000 us) --> Read time : 19.128 us, Update time : 30431.753 us, Write time : 11.286 us

[ros2_control_node-2] [WARN] [1789570335.167689652] [robot.controller_manager]: Overrun detected! The controller manager missed its desired rate of 50 Hz. The loop took 30.583970 ms (missed cycles : 2).

[ros2_control_node-2] [WARN] [1789570355.538979943] [robot.controller_manager]: Overrun detected! The controller manager missed its desired rate of 50 Hz. The loop took 41.873836 ms (missed cycles : 3).

[ros2_control_node-2] [WARN] [1789570380.088309787] [robot.controller_manager]: Overrun detected! The controller manager missed its desired rate of 50 Hz. The loop took 31.203812 ms (missed cycles : 2).

[WARNING] [launch]: user interrupted with ctrl-c (SIGINT)
[ERROR] [charge_manager-12]: process[charge_manager-12] failed to terminate '5' seconds after receiving 'SIGINT', escalating to 'SIGTERM'
[ERROR] [twist_mux-11]: process[twist_mux-11] failed to terminate '5' seconds after receiving 'SIGINT', escalating to 'SIGTERM'
[ERROR] [vnpub-10]: process[vnpub-10] failed to terminate '5' seconds after receiving 'SIGINT', escalating to 'SIGTERM'
[ERROR] [daly_bms-9]: process[daly_bms-9] failed to terminate '5' seconds after receiving 'SIGINT', escalating to 'SIGTERM'
[ERROR] [robotnik_pad-8]: process[robotnik_pad-8] failed to terminate '5' seconds after receiving 'SIGINT', escalating to 'SIGTERM'
[ERROR] [joy_linux_node-7]: process[joy_linux_node-7] failed to terminate '5' seconds after receiving 'SIGINT', escalating to 'SIGTERM'
[ERROR] [robot_state_publisher-6]: process[robot_state_publisher-6] failed to terminate '5' seconds after receiving 'SIGINT', escalating to 'SIGTERM'
[ERROR] [brakes_supervisor_node-5]: process[brakes_supervisor_node-5] failed to terminate '5' seconds after receiving 'SIGINT', escalating to 'SIGTERM'
[ERROR] [robotnik_base_hw_monitor-4]: process[robotnik_base_hw_monitor-4] failed to terminate '5' seconds after receiving 'SIGINT', escalating to 'SIGTERM'
[ERROR] [ros2_control_node-2]: process[ros2_control_node-2] failed to terminate '5' seconds after receiving 'SIGINT', escalating to 'SIGTERM'
[ERROR] [robot_state_publisher-1]: process[robot_state_publisher-1] failed to terminate '5' seconds after receiving 'SIGINT', escalating to 'SIGTERM'
[INFO] [charge_manager-12]: sending signal 'SIGTERM' to process[charge_manager-12]
[INFO] [twist_mux-11]: sending signal 'SIGTERM' to process[twist_mux-11]
[INFO] [vnpub-10]: sending signal 'SIGTERM' to process[vnpub-10]
[INFO] [daly_bms-9]: sending signal 'SIGTERM' to process[daly_bms-9]
[INFO] [robotnik_pad-8]: sending signal 'SIGTERM' to process[robotnik_pad-8]
[INFO] [joy_linux_node-7]: sending signal 'SIGTERM' to process[joy_linux_node-7]
[INFO] [robot_state_publisher-6]: sending signal 'SIGTERM' to process[robot_state_publisher-6]
[INFO] [brakes_supervisor_node-5]: sending signal 'SIGTERM' to process[brakes_supervisor_node-5]
[INFO] [robotnik_base_hw_monitor-4]: sending signal 'SIGTERM' to process[robotnik_base_hw_monitor-4]
[INFO] [ros2_control_node-2]: sending signal 'SIGTERM' to process[ros2_control_node-2]
[INFO] [robot_state_publisher-1]: sending signal 'SIGTERM' to process[robot_state_publisher-1]
[charge_manager-12] [INFO] [1789570404.383452873] [rclcpp]: signal_handler(signum=15)
[twist_mux-11] [INFO] [1789570404.384995366] [rclcpp]: signal_handler(signum=15)
[vnpub-10] [INFO] [1789570404.386524925] [rclcpp]: signal_handler(signum=15)
[vnpub-10] [INFO] [1789570404.386726155] [robot.imu]: Unregisted the packet received handler
[robotnik_pad-8] [INFO] [1789570404.389139000] [rclcpp]: signal_handler(signum=15)
[robotnik_pad-8] Warning: class_loader.ClassLoader: SEVERE WARNING!!! Attempting to unload library while objects created by this loader exist in the heap! You should delete your objects before attempting to unload the library or destroying the ClassLoader. The library will NOT be unloaded.
[robotnik_pad-8]          at line 127 in ./src/class_loader.cpp
[joy_linux_node-7] [INFO] [1789570404.391642010] [rclcpp]: signal_handler(signum=15)
[joy_linux_node-7] [INFO] [1789570404.391904339] [robot.joy_node]: joy_node shut down.
[robot_state_publisher-6] [INFO] [1789570404.393034051] [rclcpp]: signal_handler(signum=15)
[brakes_supervisor_node-5] [INFO] [1789570404.395511293] [rclcpp]: signal_handler(signum=15)

[robotnik_base_hw_monitor-4] [INFO] [1789570404.396053708] [rclcpp]: signal_handler(signum=15)

[brakes_supervisor_node-5] 

[brakes_supervisor_node-5] >>> [rcutils|error_handling.c:108] rcutils_set_error_state()

[brakes_supervisor_node-5] This error state is being overwritten:

[brakes_supervisor_node-5] 

[brakes_supervisor_node-5]   'rcl node's context is invalid, at ./src/rcl/node.c:404'

[brakes_supervisor_node-5] 

[brakes_supervisor_node-5] with this new error message:

[brakes_supervisor_node-5] 

[brakes_supervisor_node-5]   'the given context is not valid, either rcl_init() was not called or rcl_shutdown() was called., at ./src/rcl/wait.c:130'

[brakes_supervisor_node-5] 

[brakes_supervisor_node-5] rcutils_reset_error() should be called after error handling to avoid this.

[brakes_supervisor_node-5] <<<

[brakes_supervisor_node-5] terminate called after throwing an instance of 'rclcpp::exceptions::RCLError'

[brakes_supervisor_node-5]   what():  failed to initialize wait set: the given context is not valid, either rcl_init() was not called or rcl_shutdown() was called., at ./src/rcl/wait.c:130

[robot_state_publisher-1] [INFO] [1789570404.398902743] [rclcpp]: signal_handler(signum=15)
[ros2_control_node-2] [INFO] [1789570404.399745595] [rclcpp]: signal_handler(signum=15)

[ros2_control_node-2] [INFO] [1789570404.399906288] [robot.controller_manager]: Shutdown request received....

[ros2_control_node-2] [INFO] [1789570404.399950971] [robot.controller_manager]: Shutting down all controllers in the controller manager.

[ros2_control_node-2] [INFO] [1789570404.401234793] [robot.controller_manager]: Deactivating controller 'robotnik_io_controller'

[ros2_control_node-2] [INFO] [1789570404.402117980] [robot.controller_manager]: Shutting down controller 'robotnik_io_controller'

[ros2_control_node-2] [INFO] [1789570404.410809198] [robot.controller_manager]: Deactivating controller 'joint_state_broadcaster'

[ros2_control_node-2] [INFO] [1789570404.410951008] [robot.controller_manager]: Shutting down controller 'joint_state_broadcaster'

[ros2_control_node-2] [INFO] [1789570404.412055590] [robot.controller_manager]: Deactivating controller 'robotnik_base_control'

[ros2_control_node-2] [INFO] [1789570404.413362744] [robot.robotnik_base_control]: robotnik_controllers -> RobotnikController::on_deactivate

[ros2_control_node-2] [INFO] [1789570404.413952193] [robot.controller_manager]: Shutting down controller 'robotnik_base_control'

[ros2_control_node-2] [INFO] [1789570404.414004669] [robot.robotnik_base_control]: robotnik_controllers -> RobotnikController::on_shutdown

[ros2_control_node-2] [INFO] [1789570404.414285952] [resource_manager]: 'deactivate' hardware 'rbvogui_xl' 

[ros2_control_node-2] [INFO] [1789570404.415266941] [RobotnikHW]: on_deactivate

[ros2_control_node-2] [INFO] [1789570404.415335691] [resource_manager]: Successful 'deactivate' of hardware 'rbvogui_xl'

[ros2_control_node-2] [INFO] [1789570404.415361869] [resource_manager]: 'shutdown' hardware 'rbvogui_xl' 

[ros2_control_node-2] [INFO] [1789570404.415966863] [RobotnikHW]: on_shutdown

[ros2_control_node-2] [INFO] [1789570404.416183228] [resource_manager]: Successful 'shutdown' of hardware 'rbvogui_xl'

[ros2_control_node-2] [INFO] [1789570404.416648299] [robot.controller_manager]: Shutting down the controller manager.

[ros2_control_node-2] [ERROR] [1789570404.417830762] [robot.controller_manager.pal_statistics]: Exception in publisher thread: context cannot be slept with because it's invalid!. Aborting!

[ros2_control_node-2] [ERROR] [1789570404.417781239] [robot.controller_manager.pal_statistics]: Exception in publisher thread: context cannot be slept with because it's invalid!. Aborting!

[vnpub-10] [INFO] [1789570404.490356165] [robot.imu]: VN-100T-CR is disconnected successfully
[ros2_control_node-2] [INFO] [1789570404.554707980] [robot.controller_manager.pal_statistics]: Async messages lost 0

[ros2_control_node-2] [INFO] [1789570404.554743927] [robot.controller_manager.pal_statistics]: publish_async_failures_ 0

[ros2_control_node-2] [INFO] [1789570404.575276442] [robot.controller_manager.pal_statistics]: Async messages lost 0

[ros2_control_node-2] [INFO] [1789570404.575303276] [robot.controller_manager.pal_statistics]: publish_async_failures_ 0

[INFO] [robot_state_publisher-6]: process has finished cleanly [pid 1432238]
[INFO] [robotnik_pad-8]: process has finished cleanly [pid 1432240]
[INFO] [charge_manager-12]: process has finished cleanly [pid 1432244]
[INFO] [twist_mux-11]: process has finished cleanly [pid 1432243]
[INFO] [joy_linux_node-7]: process has finished cleanly [pid 1432239]
[ros2_control_node-2] [INFO] [1789570404.727197189] [RobotnikHW]: Unloading RobotnikHW plugin

[INFO] [robot_state_publisher-1]: process has finished cleanly [pid 1432233]
[vnpub-10] terminate called after throwing an instance of 'std::system_error'
[vnpub-10]   what():  Invalid argument
[INFO] [robotnik_base_hw_monitor-4]: process has finished cleanly [pid 1432236]
[ros2_control_node-2] [INFO] [1789570404.907237835] [RobotnikHW]: Reset task stopped

[ros2_control_node-2] [INFO] [1789570404.907333268] [RobotnikHW]: Disabling motors

[ros2_control_node-2] [INFO] [1789570404.907420085] [RobotnikHW]: Disabling motor for joint robot_front_left_wheel_joint

[ros2_control_node-2] [INFO] [1789570404.907420055] [RobotnikHW]: Disabling motor for joint robot_front_right_wheel_joint

[ros2_control_node-2] [INFO] [1789570404.907457774] [RobotnikHW]: Disabling motor for joint robot_back_right_wheel_joint

[ros2_control_node-2] [INFO] [1789570404.907446756] [RobotnikHW]: Disabling motor for joint robot_back_left_wheel_joint

[ros2_control_node-2] [INFO] [1789570404.907532965] [RobotnikHW]: Disabling motor for joint robot_front_left_steering_joint

[ros2_control_node-2] [INFO] [1789570404.907555008] [RobotnikHW]: Disabling motor for joint robot_back_right_steering_joint

[ros2_control_node-2] [INFO] [1789570404.907570803] [RobotnikHW]: Disabling motor for joint robot_front_right_steering_joint

[ros2_control_node-2] [INFO] [1789570404.907557004] [RobotnikHW]: Disabling motor for joint robot_back_left_steering_joint

[ros2_control_node-2] [INFO] [1789570404.909065330] [RobotnikHW]: Unloading motor for joint robot_back_left_wheel_joint

[ros2_control_node-2] [INFO] [1789570404.909071975] [RobotnikHW]: Unloading motor for joint robot_back_right_wheel_joint

[ros2_control_node-2] [INFO] [1789570404.909089224] [RobotnikHW]: Unloading motor for joint robot_front_left_steering_joint

[ros2_control_node-2] [INFO] [1789570404.909114484] [RobotnikHW]: Unloading motor for joint robot_front_right_wheel_joint

[ros2_control_node-2] [INFO] [1789570404.909126027] [RobotnikHW]: Unloading motor for joint robot_front_left_wheel_joint

[ros2_control_node-2] [INFO] [1789570404.910184314] [RobotnikHW]: Unloading motor for joint robot_back_right_steering_joint

[ros2_control_node-2] [INFO] [1789570404.910219439] [RobotnikHW]: Unloading motor for joint robot_front_right_steering_joint

[ros2_control_node-2] [INFO] [1789570404.910317952] [RobotnikHW]: Unloading motor for joint robot_back_left_steering_joint

[ros2_control_node-2] [INFO] [1789570405.511207687] [RobotnikHW]: Motors disabled

[ros2_control_node-2] [INFO] [1789570405.511222191] [RobotnikHW]: Stopping sync task

[ros2_control_node-2] [INFO] [1789570405.527822189] [RobotnikHW]: Stopped sync task

[ros2_control_node-2] [INFO] [1789570405.527834809] [RobotnikHW]: RobotnikHW plugin unloaded

[ERROR] [brakes_supervisor_node-5]: process has died [pid 1432237, exit code -6, cmd '/opt/ros/jazzy/lib/robotnik_base_hw/brakes_supervisor_node --ros-args -r __node:=robotnik_brakes_supervisor -r __ns:=/robot --params-file /tmp/launch_params_n3siiaez'].
[INFO] [ros2_control_node-2]: process has finished cleanly [pid 1432234]
[daly_bms-9] Traceback (most recent call last):
[daly_bms-9]   File "/home/robot/robot_ws/install/daly_bms/lib/daly_bms/daly_bms", line 33, in <module>
[daly_bms-9]     sys.exit(load_entry_point('daly-bms==1.0.1', 'console_scripts', 'daly_bms')())
[daly_bms-9]              ^^^^^^^^^^^^^^^^^^^^^^^^^^^^^^^^^^^^^^^^^^^^^^^^^^^^^^^^^^^^^^^^^^^^
[daly_bms-9]   File "/home/robot/robot_ws/install/daly_bms/lib/python3.12/site-packages/daly_bms/daly_bms_node.py", line 102, in main
[daly_bms-9]     rclpy.spin(daly_bms)
[daly_bms-9]   File "/opt/ros/jazzy/lib/python3.12/site-packages/rclpy/__init__.py", line 247, in spin
[daly_bms-9]     executor.spin_once()
[daly_bms-9]   File "/opt/ros/jazzy/lib/python3.12/site-packages/rclpy/executors.py", line 845, in spin_once
[daly_bms-9]     self._spin_once_impl(timeout_sec)
[daly_bms-9]   File "/opt/ros/jazzy/lib/python3.12/site-packages/rclpy/executors.py", line 840, in _spin_once_impl
[daly_bms-9]     raise handler.exception()
[daly_bms-9]   File "/opt/ros/jazzy/lib/python3.12/site-packages/rclpy/task.py", line 269, in __call__
[daly_bms-9]     self._handler.send(None)
[daly_bms-9]   File "/opt/ros/jazzy/lib/python3.12/site-packages/rclpy/executors.py", line 524, in handler
[daly_bms-9]     await call_coroutine()
[daly_bms-9]   File "/opt/ros/jazzy/lib/python3.12/site-packages/rclpy/executors.py", line 386, in _execute
[daly_bms-9]     await await_or_execute(tmr.callback)
[daly_bms-9]   File "/opt/ros/jazzy/lib/python3.12/site-packages/rclpy/executors.py", line 111, in await_or_execute
[daly_bms-9]     return callback(*args)
[daly_bms-9]            ^^^^^^^^^^^^^^^
[daly_bms-9]   File "/home/robot/robot_ws/install/daly_bms/lib/python3.12/site-packages/daly_bms/daly_bms.py", line 451, in read
[daly_bms-9]     self.publish()
[daly_bms-9]   File "/home/robot/robot_ws/install/daly_bms/lib/python3.12/site-packages/daly_bms/daly_bms.py", line 585, in publish
[daly_bms-9]     self._battery_status_pub.publish(self._battery_status)
[daly_bms-9]   File "/opt/ros/jazzy/lib/python3.12/site-packages/rclpy/publisher.py", line 70, in publish
[daly_bms-9]     self.__publisher.publish(msg)
[daly_bms-9] rclpy._rclpy_pybind11.RCLError: Failed to publish: publisher's context is invalid, at ./src/rcl/publisher.c:423
[ERROR] [daly_bms-9]: process has died [pid 1432241, exit code 1, cmd '/home/robot/robot_ws/install/daly_bms/lib/daly_bms/daly_bms --ros-args -r __node:=battery_estimator -r __ns:=/robot --params-file /tmp/launch_params_43210wzo'].
[ERROR] [vnpub-10]: process has died [pid 1432242, exit code -6, cmd '/home/robot/robot_ws/install/vectornav/lib/vectornav/vnpub --ros-args -r __node:=imu -r __ns:=/robot --params-file /tmp/launch_params_gs6ttol5'].


=== Command terminated normally (Wed Sep 16 16:53:26 2026) ===